Component: ARM Compiler 5.06 update 6 (build 750) Tool: armlink [4d35ed]

==============================================================================

Section Cross References

    system_stm32h7xx.o(i.SystemCoreClockUpdate) refers to system_stm32h7xx.o(.constdata) for .constdata
    system_stm32h7xx.o(i.SystemCoreClockUpdate) refers to system_stm32h7xx.o(.data) for .data
    startup_stm32h743xx.o(RESET) refers to startup_stm32h743xx.o(STACK) for __initial_sp
    startup_stm32h743xx.o(RESET) refers to startup_stm32h743xx.o(.text) for Reset_Handler
    startup_stm32h743xx.o(RESET) refers to stm32h7xx_it.o(i.NMI_Handler) for NMI_Handler
    startup_stm32h743xx.o(RESET) refers to context_rvds.o(.text) for HardFault_Handler
    startup_stm32h743xx.o(RESET) refers to stm32h7xx_it.o(i.BusFault_Handler) for BusFault_Handler
    startup_stm32h743xx.o(RESET) refers to stm32h7xx_it.o(i.UsageFault_Handler) for UsageFault_Handler
    startup_stm32h743xx.o(RESET) refers to stm32h7xx_it.o(i.SVC_Handler) for SVC_Handler
    startup_stm32h743xx.o(RESET) refers to stm32h7xx_it.o(i.DebugMon_Handler) for DebugMon_Handler
    startup_stm32h743xx.o(RESET) refers to drv_common.o(i.SysTick_Handler) for SysTick_Handler
    startup_stm32h743xx.o(RESET) refers to drv_gpio.o(i.EXTI0_IRQHandler) for EXTI0_IRQHandler
    startup_stm32h743xx.o(RESET) refers to drv_gpio.o(i.EXTI1_IRQHandler) for EXTI1_IRQHandler
    startup_stm32h743xx.o(RESET) refers to drv_gpio.o(i.EXTI2_IRQHandler) for EXTI2_IRQHandler
    startup_stm32h743xx.o(RESET) refers to drv_gpio.o(i.EXTI3_IRQHandler) for EXTI3_IRQHandler
    startup_stm32h743xx.o(RESET) refers to drv_gpio.o(i.EXTI4_IRQHandler) for EXTI4_IRQHandler
    startup_stm32h743xx.o(RESET) refers to drv_gpio.o(i.EXTI9_5_IRQHandler) for EXTI9_5_IRQHandler
    startup_stm32h743xx.o(RESET) refers to drv_gpio.o(i.EXTI15_10_IRQHandler) for EXTI15_10_IRQHandler
    startup_stm32h743xx.o(RESET) refers to drv_usart.o(i.UART4_IRQHandler) for UART4_IRQHandler
    startup_stm32h743xx.o(RESET) refers to drv_usart.o(i.LPUART1_IRQHandler) for LPUART1_IRQHandler
    startup_stm32h743xx.o(.text) refers to system_stm32h7xx.o(i.SystemInit) for SystemInit
    startup_stm32h743xx.o(.text) refers to entry.o(.ARM.Collect$$$$00000000) for __main
    main.o(i.main) refers to pin.o(i.rt_pin_mode) for rt_pin_mode
    main.o(i.main) refers to pin.o(i.rt_pin_write) for rt_pin_write
    main.o(i.main) refers to thread.o(i.rt_thread_mdelay) for rt_thread_mdelay
    sys_conf.o(i.SystemClock_Config) refers to memseta.o(.text) for __aeabi_memclr4
    sys_conf.o(i.SystemClock_Config) refers to stm32h7xx_hal_pwr_ex.o(i.HAL_PWREx_ConfigSupply) for HAL_PWREx_ConfigSupply
    sys_conf.o(i.SystemClock_Config) refers to stm32h7xx_hal_pwr.o(i.HAL_PWR_EnableBkUpAccess) for HAL_PWR_EnableBkUpAccess
    sys_conf.o(i.SystemClock_Config) refers to stm32h7xx_hal.o(i.HAL_GetREVID) for HAL_GetREVID
    sys_conf.o(i.SystemClock_Config) refers to stm32h7xx_hal_rcc.o(i.HAL_RCC_OscConfig) for HAL_RCC_OscConfig
    sys_conf.o(i.SystemClock_Config) refers to stm32h7xx_hal_rcc.o(i.HAL_RCC_ClockConfig) for HAL_RCC_ClockConfig
    sys_conf.o(i.SystemClock_Config) refers to stm32h7xx_hal_rcc_ex.o(i.HAL_RCCEx_PeriphCLKConfig) for HAL_RCCEx_PeriphCLKConfig
    stm32h7xx_hal.o(i.HAL_DeInit) refers to stm32h7xx_hal.o(i.HAL_MspDeInit) for HAL_MspDeInit
    stm32h7xx_hal.o(i.HAL_Delay) refers to drv_common.o(i.HAL_GetTick) for HAL_GetTick
    stm32h7xx_hal.o(i.HAL_Delay) refers to stm32h7xx_hal.o(.data) for .data
    stm32h7xx_hal.o(i.HAL_GetTick) refers to stm32h7xx_hal.o(.data) for .data
    stm32h7xx_hal.o(i.HAL_GetTickFreq) refers to stm32h7xx_hal.o(.data) for .data
    stm32h7xx_hal.o(i.HAL_GetTickPrio) refers to stm32h7xx_hal.o(.data) for .data
    stm32h7xx_hal.o(i.HAL_IncTick) refers to stm32h7xx_hal.o(.data) for .data
    stm32h7xx_hal.o(i.HAL_Init) refers to stm32h7xx_hal_cortex.o(i.HAL_NVIC_SetPriorityGrouping) for HAL_NVIC_SetPriorityGrouping
    stm32h7xx_hal.o(i.HAL_Init) refers to stm32h7xx_hal_rcc.o(i.HAL_RCC_GetSysClockFreq) for HAL_RCC_GetSysClockFreq
    stm32h7xx_hal.o(i.HAL_Init) refers to drv_common.o(i.HAL_InitTick) for HAL_InitTick
    stm32h7xx_hal.o(i.HAL_Init) refers to stm32h7xx_hal_msp.o(i.HAL_MspInit) for HAL_MspInit
    stm32h7xx_hal.o(i.HAL_Init) refers to system_stm32h7xx.o(.constdata) for D1CorePrescTable
    stm32h7xx_hal.o(i.HAL_Init) refers to system_stm32h7xx.o(.data) for SystemD2Clock
    stm32h7xx_hal.o(i.HAL_InitTick) refers to stm32h7xx_hal_cortex.o(i.HAL_SYSTICK_Config) for HAL_SYSTICK_Config
    stm32h7xx_hal.o(i.HAL_InitTick) refers to stm32h7xx_hal_cortex.o(i.HAL_NVIC_SetPriority) for HAL_NVIC_SetPriority
    stm32h7xx_hal.o(i.HAL_InitTick) refers to stm32h7xx_hal.o(.data) for .data
    stm32h7xx_hal.o(i.HAL_InitTick) refers to system_stm32h7xx.o(.data) for SystemCoreClock
    stm32h7xx_hal.o(i.HAL_SYSCFG_EnableVREFBUF) refers to drv_common.o(i.HAL_GetTick) for HAL_GetTick
[...]
    EXTI2_IRQHandler                         0x080009e1   Thumb Code    20  drv_gpio.o(i.EXTI2_IRQHandler)
    EXTI3_IRQHandler                         0x080009f5   Thumb Code    20  drv_gpio.o(i.EXTI3_IRQHandler)
    EXTI4_IRQHandler                         0x08000a09   Thumb Code    20  drv_gpio.o(i.EXTI4_IRQHandler)
    EXTI9_5_IRQHandler                       0x08000a1d   Thumb Code    48  drv_gpio.o(i.EXTI9_5_IRQHandler)
    HAL_DMA_Start_IT                         0x08000a4d   Thumb Code   626  stm32h7xx_hal_dma.o(i.HAL_DMA_Start_IT)
    HAL_GPIO_DeInit                          0x08000ce9   Thumb Code   324  stm32h7xx_hal_gpio.o(i.HAL_GPIO_DeInit)
    HAL_GPIO_EXTI_Callback                   0x08000e59   Thumb Code    32  drv_gpio.o(i.HAL_GPIO_EXTI_Callback)
    HAL_GPIO_EXTI_IRQHandler                 0x08000e7d   Thumb Code    24  stm32h7xx_hal_gpio.o(i.HAL_GPIO_EXTI_IRQHandler)
    HAL_GPIO_Init                            0x08000e95   Thumb Code   510  stm32h7xx_hal_gpio.o(i.HAL_GPIO_Init)
    HAL_GPIO_ReadPin                         0x080010c5   Thumb Code    10  stm32h7xx_hal_gpio.o(i.HAL_GPIO_ReadPin)
    HAL_GPIO_WritePin                        0x080010cf   Thumb Code    10  stm32h7xx_hal_gpio.o(i.HAL_GPIO_WritePin)
    HAL_GetREVID                             0x080010d9   Thumb Code     8  stm32h7xx_hal.o(i.HAL_GetREVID)
    HAL_GetTick                              0x080010e5   Thumb Code    18  drv_common.o(i.HAL_GetTick)
    HAL_IncTick                              0x080010f9   Thumb Code    12  stm32h7xx_hal.o(i.HAL_IncTick)
    HAL_Init                                 0x08001109   Thumb Code    74  stm32h7xx_hal.o(i.HAL_Init)
    HAL_InitTick                             0x08001165   Thumb Code     4  drv_common.o(i.HAL_InitTick)
    HAL_MspInit                              0x08001169   Thumb Code    22  stm32h7xx_hal_msp.o(i.HAL_MspInit)
    HAL_NVIC_DisableIRQ                      0x08001185   Thumb Code    34  stm32h7xx_hal_cortex.o(i.HAL_NVIC_DisableIRQ)
    HAL_NVIC_EnableIRQ                       0x080011a7   Thumb Code    26  stm32h7xx_hal_cortex.o(i.HAL_NVIC_EnableIRQ)
    HAL_NVIC_SetPriority                     0x080011c1   Thumb Code    60  stm32h7xx_hal_cortex.o(i.HAL_NVIC_SetPriority)
    HAL_NVIC_SetPriorityGrouping             0x08001201   Thumb Code    28  stm32h7xx_hal_cortex.o(i.HAL_NVIC_SetPriorityGrouping)
    HAL_PWREx_ConfigSupply                   0x08001225   Thumb Code    78  stm32h7xx_hal_pwr_ex.o(i.HAL_PWREx_ConfigSupply)
    HAL_PWR_EnableBkUpAccess                 0x08001279   Thumb Code    12  stm32h7xx_hal_pwr.o(i.HAL_PWR_EnableBkUpAccess)
    HAL_RCCEx_GetD1SysClockFreq              0x08001289   Thumb Code    50  stm32h7xx_hal_rcc_ex.o(i.HAL_RCCEx_GetD1SysClockFreq)
    HAL_RCCEx_GetD3PCLK1Freq                 0x080012cd   Thumb Code    26  stm32h7xx_hal_rcc_ex.o(i.HAL_RCCEx_GetD3PCLK1Freq)
    HAL_RCCEx_GetPLL2ClockFreq               0x080012f1   Thumb Code   296  stm32h7xx_hal_rcc_ex.o(i.HAL_RCCEx_GetPLL2ClockFreq)
    HAL_RCCEx_GetPLL3ClockFreq               0x08001435   Thumb Code   296  stm32h7xx_hal_rcc_ex.o(i.HAL_RCCEx_GetPLL3ClockFreq)
    HAL_RCCEx_PeriphCLKConfig                0x08001579   Thumb Code  2234  stm32h7xx_hal_rcc_ex.o(i.HAL_RCCEx_PeriphCLKConfig)
    HAL_RCC_ClockConfig                      0x08001e35   Thumb Code   580  stm32h7xx_hal_rcc.o(i.HAL_RCC_ClockConfig)
    HAL_RCC_GetHCLKFreq                      0x08002091   Thumb Code    52  stm32h7xx_hal_rcc.o(i.HAL_RCC_GetHCLKFreq)
    HAL_RCC_GetPCLK1Freq                     0x080020d5   Thumb Code    26  stm32h7xx_hal_rcc.o(i.HAL_RCC_GetPCLK1Freq)
    HAL_RCC_GetPCLK2Freq                     0x080020f9   Thumb Code    26  stm32h7xx_hal_rcc.o(i.HAL_RCC_GetPCLK2Freq)
    HAL_RCC_GetSysClockFreq                  0x0800211d   Thumb Code   278  stm32h7xx_hal_rcc.o(i.HAL_RCC_GetSysClockFreq)
    HAL_RCC_OscConfig                        0x08002255   Thumb Code  1282  stm32h7xx_hal_rcc.o(i.HAL_RCC_OscConfig)
    HAL_RTCEx_BKUPRead                       0x0800275d   Thumb Code    10  stm32h7xx_hal_rtc_ex.o(i.HAL_RTCEx_BKUPRead)
    HAL_RTCEx_BKUPWrite                      0x08002767   Thumb Code    10  stm32h7xx_hal_rtc_ex.o(i.HAL_RTCEx_BKUPWrite)
    HAL_RTC_GetDate                          0x08002771   Thumb Code    68  stm32h7xx_hal_rtc.o(i.HAL_RTC_GetDate)
    HAL_RTC_GetTime                          0x080027b9   Thumb Code    84  stm32h7xx_hal_rtc.o(i.HAL_RTC_GetTime)
    HAL_RTC_Init                             0x08002811   Thumb Code   144  stm32h7xx_hal_rtc.o(i.HAL_RTC_Init)
    HAL_RTC_MspInit                          0x080028a5   Thumb Code     2  stm32h7xx_hal_rtc.o(i.HAL_RTC_MspInit)
    HAL_RTC_SetDate                          0x080028a9   Thumb Code   154  stm32h7xx_hal_rtc.o(i.HAL_RTC_SetDate)
    HAL_RTC_SetTime                          0x08002949   Thumb Code   202  stm32h7xx_hal_rtc.o(i.HAL_RTC_SetTime)
    HAL_RTC_WaitForSynchro                   0x08002a19   Thumb Code    54  stm32h7xx_hal_rtc.o(i.HAL_RTC_WaitForSynchro)
    HAL_SYSTICK_CLKSourceConfig              0x08002a4f   Thumb Code    24  stm32h7xx_hal_cortex.o(i.HAL_SYSTICK_CLKSourceConfig)
    HAL_SYSTICK_Config                       0x08002a67   Thumb Code    38  stm32h7xx_hal_cortex.o(i.HAL_SYSTICK_Config)
    HAL_UART_DeInit                          0x08002a8d   Thumb Code    66  stm32h7xx_hal_uart.o(i.HAL_UART_DeInit)
    HAL_UART_ErrorCallback                   0x08002acf   Thumb Code     2  stm32h7xx_hal_uart.o(i.HAL_UART_ErrorCallback)
    HAL_UART_Init                            0x08002ad1   Thumb Code   106  stm32h7xx_hal_uart.o(i.HAL_UART_Init)
    HAL_UART_MspDeInit                       0x08002b3d   Thumb Code    66  drv_usart.o(i.HAL_UART_MspDeInit)
    HAL_UART_MspInit                         0x08002b95   Thumb Code   194  drv_usart.o(i.HAL_UART_MspInit)
    HAL_UART_Transmit_DMA                    0x08002c6d   Thumb Code   144  stm32h7xx_hal_uart.o(i.HAL_UART_Transmit_DMA)
    HAL_UART_TxCpltCallback                  0x08002d09   Thumb Code     2  stm32h7xx_hal_uart.o(i.HAL_UART_TxCpltCallback)
    HAL_UART_TxHalfCpltCallback              0x08002d0b   Thumb Code     2  stm32h7xx_hal_uart.o(i.HAL_UART_TxHalfCpltCallback)
    LPUART1_IRQHandler                       0x08002d0d   Thumb Code    20  drv_usart.o(i.LPUART1_IRQHandler)
    NMI_Handler                              0x08002d25   Thumb Code     2  stm32h7xx_it.o(i.NMI_Handler)
    RTC_Bcd2ToByte                           0x08002f69   Thumb Code    18  stm32h7xx_hal_rtc.o(i.RTC_Bcd2ToByte)
    RTC_ByteToBcd2                           0x08002f7b   Thumb Code    24  stm32h7xx_hal_rtc.o(i.RTC_ByteToBcd2)
    RTC_EnterInitMode                        0x08002f95   Thumb Code    66  stm32h7xx_hal_rtc.o(i.RTC_EnterInitMode)
    RTC_ExitInitMode                         0x08002fd9   Thumb Code    78  stm32h7xx_hal_rtc.o(i.RTC_ExitInitMode)
    SVC_Handler                              0x0800302d   Thumb Code     2  stm32h7xx_it.o(i.SVC_Handler)
    SysTick_Handler                          0x0800302f   Thumb Code    22  drv_common.o(i.SysTick_Handler)
    SystemClock_Config                       0x08003045   Thumb Code   188  sys_conf.o(i.SystemClock_Config)
    SystemInit                               0x08003111   Thumb Code   188  system_stm32h7xx.o(i.SystemInit)
    UART4_IRQHandler                         0x080031f5   Thumb Code    20  drv_usart.o(i.UART4_IRQHandler)
    UART_AdvFeatureConfig                    0x0800320d   Thumb Code   200  stm32h7xx_hal_uart.o(i.UART_AdvFeatureConfig)
    UART_CheckIdleState                      0x080032d5   Thumb Code    94  stm32h7xx_hal_uart.o(i.UART_CheckIdleState)
    UART_SetConfig                           0x080033fd   Thumb Code   878  stm32h7xx_hal_uart.o(i.UART_SetConfig)
    UART_WaitOnFlagUntilTimeout              0x080037ad   Thumb Code   164  stm32h7xx_hal_uart.o(i.UART_WaitOnFlagUntilTimeout)
    UsageFault_Handler                       0x08003851   Thumb Code     2  stm32h7xx_it.o(i.UsageFault_Handler)
    __aeabi_errno_addr                       0x08003875   Thumb Code     4  errno.o(i.__aeabi_errno_addr)
    __rt_errno_addr                          0x08003875   Thumb Code     0  errno.o(i.__aeabi_errno_addr)
    __isleap                                 0x0800387d   Thumb Code    38  time.o(i.__isleap)
    __scatterload_copy                       0x080038a3   Thumb Code    14  handlers.o(i.__scatterload_copy)
    __scatterload_null                       0x080038b1   Thumb Code     2  handlers.o(i.__scatterload_null)
    __scatterload_zeroinit                   0x080038b3   Thumb Code    14  handlers.o(i.__scatterload_zeroinit)
    asctime                                  0x08003d61   Thumb Code     6  time.o(i.asctime)
    asctime_r                                0x08003d6d   Thumb Code   140  time.o(i.asctime_r)
    cmd_free                                 0x08003f15   Thumb Code    10  msh.o(i.cmd_free)
    cmd_ps                                   0x08003f1f   Thumb Code    10  msh.o(i.cmd_ps)
    ctime                                    0x08003f29   Thumb Code    14  time.o(i.ctime)
    finsh_get_prompt                         0x08004125   Thumb Code    66  shell.o(i.finsh_get_prompt)
    finsh_set_device                         0x080041bd   Thumb Code   148  shell.o(i.finsh_set_device)
    finsh_set_prompt_mode                    0x08004291   Thumb Code    36  shell.o(i.finsh_set_prompt_mode)
    finsh_system_function_init               0x080042d1   Thumb Code     8  shell.o(i.finsh_system_function_init)
    finsh_system_init                        0x080042dd   Thumb Code    92  shell.o(i.finsh_system_init)
    finsh_thread_entry                       0x08004371   Thumb Code   906  shell.o(i.finsh_thread_entry)
    gmtime_r                                 0x0800473d   Thumb Code   180  time.o(i.gmtime_r)
    hello                                    0x08004871   Thumb Code    12  cmd.o(i.hello)
    list                                     0x08004891   Thumb Code    50  cmd.o(i.list)
    list_date                                0x080048f5   Thumb Code    28  rtc.o(i.list_date)
    list_device                              0x08004919   Thumb Code   152  cmd.o(i.list_device)
    list_event                               0x08004a1d   Thumb Code   182  cmd.o(i.list_event)
    list_mailbox                             0x08004bd9   Thumb Code   196  cmd.o(i.list_mailbox)
    list_mem                                 0x08004d19   Thumb Code    32  mem.o(i.list_mem)
    list_mempool                             0x08004d85   Thumb Code   194  cmd.o(i.list_mempool)
    list_msgqueue                            0x08004ed5   Thumb Code   188  cmd.o(i.list_msgqueue)
    list_mutex                               0x08004ffd   Thumb Code   146  cmd.o(i.list_mutex)
    list_sem                                 0x080050f5   Thumb Code   188  cmd.o(i.list_sem)
    list_thread                              0x08005211   Thumb Code   256  cmd.o(i.list_thread)
    list_timer                               0x080053cd   Thumb Code   160  cmd.o(i.list_timer)
    localtime                                0x0800550d   Thumb Code     6  time.o(i.localtime)
    $Super$$main                             0x08005519   Thumb Code    42  main.o(i.main)
    main_thread_entry                        0x08005543   Thumb Code    14  components.o(i.main_thread_entry)
    mktime                                   0x08005629   Thumb Code   324  time.o(i.mktime)
    msh_auto_complete                        0x08005771   Thumb Code   150  msh.o(i.msh_auto_complete)
    msh_exec                                 0x0800581d   Thumb Code    74  msh.o(i.msh_exec)
    msh_help                                 0x08005881   Thumb Code    58  msh.o(i.msh_help)
    msh_is_used                              0x080058f9   Thumb Code     4  msh.o(i.msh_is_used)
    rt_application_init                      0x08005c21   Thumb Code    48  components.o(i.rt_application_init)
    rt_assert_handler                        0x08005c71   Thumb Code    46  kservice.o(i.rt_assert_handler)
    rt_calloc                                0x08005cdd   Thumb Code    26  mem.o(i.rt_calloc)
    rt_completion_done                       0x08005cf9   Thumb Code    72  completion.o(i.rt_completion_done)
    rt_completion_init                       0x08005d5d   Thumb Code    36  completion.o(i.rt_completion_init)
    rt_completion_wait                       0x08005d9d   Thumb Code   190  completion.o(i.rt_completion_wait)
    rt_components_board_init                 0x08005ed5   Thumb Code    20  components.o(i.rt_components_board_init)
    rt_components_init                       0x08005ef1   Thumb Code    20  components.o(i.rt_components_init)
    rt_console_get_device                    0x08005f0d   Thumb Code     6  kservice.o(i.rt_console_get_device)
    rt_console_set_device                    0x08005f19   Thumb Code    44  kservice.o(i.rt_console_set_device)
    rt_device_close                          0x08005f49   Thumb Code    92  device.o(i.rt_device_close)
    rt_device_control                        0x08005ff5   Thumb Code    66  device.o(i.rt_device_control)
    rt_device_find                           0x08006089   Thumb Code    96  device.o(i.rt_device_find)
    rt_device_open                           0x08006105   Thumb Code   162  device.o(i.rt_device_open)
    rt_device_pin_register                   0x08006245   Thumb Code    52  pin.o(i.rt_device_pin_register)
    rt_device_read                           0x08006289   Thumb Code    96  device.o(i.rt_device_read)
    rt_device_register                       0x08006339   Thumb Code    50  device.o(i.rt_device_register)
    rt_device_set_rx_indicate                0x0800636d   Thumb Code    48  device.o(i.rt_device_set_rx_indicate)
    rt_device_write                          0x080063ed   Thumb Code    96  device.o(i.rt_device_write)
    rt_enter_critical                        0x0800649d   Thumb Code    22  scheduler.o(i.rt_enter_critical)
    rt_exit_critical                         0x080064b9   Thumb Code    52  scheduler.o(i.rt_exit_critical)
    rt_free                                  0x080064f1   Thumb Code   230  mem.o(i.rt_free)
    rt_hw_board_init                         0x080066b9   Thumb Code   168  drv_common.o(i.rt_hw_board_init)
    rt_hw_console_output                     0x08006779   Thumb Code     2  kservice.o(i.rt_hw_console_output)
    rt_hw_cpu_reset                          0x0800677d   Thumb Code     8  cpuport.o(i.rt_hw_cpu_reset)
    rt_hw_hard_fault_exception               0x0800678d   Thumb Code   200  cpuport.o(i.rt_hw_hard_fault_exception)
    rt_hw_pin_init                           0x080069a5   Thumb Code   192  drv_gpio.o(i.rt_hw_pin_init)
    rt_hw_rtc_init                           0x08006a71   Thumb Code    44  drv_rtc.o(i.rt_hw_rtc_init)
    rt_hw_serial_isr                         0x08006b5d   Thumb Code   226  serial.o(i.rt_hw_serial_isr)
    rt_hw_serial_register                    0x08006c71   Thumb Code    74  serial.o(i.rt_hw_serial_register)
    rt_hw_stack_init                         0x08006ced   Thumb Code    52  cpuport.o(i.rt_hw_stack_init)
    rt_hw_systick_init                       0x08006d25   Thumb Code    34  drv_common.o(i.rt_hw_systick_init)
    rt_hw_usart_init                         0x08006d4d   Thumb Code   122  drv_usart.o(i.rt_hw_usart_init)
    rt_interrupt_enter                       0x08006de9   Thumb Code    32  irq.o(i.rt_interrupt_enter)
    rt_interrupt_get_nest                    0x08006e0d   Thumb Code    18  irq.o(i.rt_interrupt_get_nest)
    rt_interrupt_leave                       0x08006e25   Thumb Code    32  irq.o(i.rt_interrupt_leave)
    rt_kprintf                               0x08006ead   Thumb Code    64  kservice.o(i.rt_kprintf)
    rt_malloc                                0x08006f65   Thumb Code   354  mem.o(i.rt_malloc)
    rt_memmove                               0x08007161   Thumb Code    50  kservice.o(i.rt_memmove)
    rt_memset                                0x08007193   Thumb Code    66  kservice.o(i.rt_memset)
    rt_object_allocate                       0x080071d5   Thumb Code   144  object.o(i.rt_object_allocate)
    rt_object_delete                         0x080072b1   Thumb Code    80  object.o(i.rt_object_delete)
    rt_object_detach                         0x08007349   Thumb Code    56  object.o(i.rt_object_detach)
    rt_object_get_information                0x0800739d   Thumb Code    30  object.o(i.rt_object_get_information)
    rt_object_get_type                       0x080073c1   Thumb Code    26  object.o(i.rt_object_get_type)
    rt_object_init                           0x080073f5   Thumb Code   130  object.o(i.rt_object_init)
    rt_object_is_systemobject                0x080074a9   Thumb Code    32  object.o(i.rt_object_is_systemobject)
    rt_pin_get                               0x080074e1   Thumb Code    56  pin.o(i.rt_pin_get)
    rt_pin_mode                              0x08007549   Thumb Code    38  pin.o(i.rt_pin_mode)
    rt_pin_read                              0x08007591   Thumb Code    34  pin.o(i.rt_pin_read)
    rt_pin_write                             0x080075d5   Thumb Code    38  pin.o(i.rt_pin_write)
    rt_schedule                              0x08007761   Thumb Code   194  scheduler.o(i.rt_schedule)
    rt_schedule_insert_thread                0x0800782d   Thumb Code    98  scheduler.o(i.rt_schedule_insert_thread)
    rt_schedule_remove_thread                0x080078b1   Thumb Code    78  scheduler.o(i.rt_schedule_remove_thread)
    rt_sem_init                              0x08007921   Thumb Code    68  ipc.o(i.rt_sem_init)
    rt_sem_release                           0x0800798d   Thumb Code   118  ipc.o(i.rt_sem_release)
    rt_sem_take                              0x08007a21   Thumb Code   248  ipc.o(i.rt_sem_take)
    rt_set_errno                             0x08007fa5   Thumb Code    26  kservice.o(i.rt_set_errno)
    rt_show_version                          0x08007fc5   Thumb Code    40  kservice.o(i.rt_show_version)
    rt_sprintf                               0x08008075   Thumb Code    18  kservice.o(i.rt_sprintf)
    rt_strlen                                0x08008087   Thumb Code    16  kservice.o(i.rt_strlen)
    rt_strncmp                               0x08008097   Thumb Code    32  kservice.o(i.rt_strncmp)
    rt_strncpy                               0x080080b7   Thumb Code    38  kservice.o(i.rt_strncpy)
    rt_system_heap_init                      0x080080dd   Thumb Code   144  mem.o(i.rt_system_heap_init)
    rt_system_scheduler_init                 0x080081e9   Thumb Code    38  scheduler.o(i.rt_system_scheduler_init)
    rt_system_scheduler_start                0x08008219   Thumb Code    36  scheduler.o(i.rt_system_scheduler_start)
    rt_system_timer_init                     0x08008241   Thumb Code     8  timer.o(i.rt_system_timer_init)
    rt_system_timer_thread_init              0x0800824d   Thumb Code     2  timer.o(i.rt_system_timer_thread_init)
    rt_thread_create                         0x0800824f   Thumb Code    72  thread.o(i.rt_thread_create)
    rt_thread_exit                           0x08008299   Thumb Code    78  thread.o(i.rt_thread_exit)
    rt_thread_idle_excute                    0x0800830d   Thumb Code   150  idle.o(i.rt_thread_idle_excute)
    rt_thread_idle_init                      0x080083d9   Thumb Code    52  idle.o(i.rt_thread_idle_init)
    rt_thread_init                           0x0800841d   Thumb Code    80  thread.o(i.rt_thread_init)
    rt_thread_mdelay                         0x0800849d   Thumb Code    14  thread.o(i.rt_thread_mdelay)
    rt_thread_resume                         0x080084ad   Thumb Code   106  thread.o(i.rt_thread_resume)
    rt_thread_self                           0x08008539   Thumb Code     6  thread.o(i.rt_thread_self)
    rt_thread_sleep                          0x08008545   Thumb Code    96  thread.o(i.rt_thread_sleep)
    rt_thread_startup                        0x080085c5   Thumb Code   100  thread.o(i.rt_thread_startup)
    rt_thread_suspend                        0x08008681   Thumb Code   140  thread.o(i.rt_thread_suspend)
    rt_thread_timeout                        0x0800874d   Thumb Code    92  thread.o(i.rt_thread_timeout)
    rt_tick_from_millisecond                 0x08008801   Thumb Code    52  clock.o(i.rt_tick_from_millisecond)
    rt_tick_get                              0x08008835   Thumb Code     6  clock.o(i.rt_tick_get)
    rt_tick_increase                         0x08008841   Thumb Code    50  clock.o(i.rt_tick_increase)
    rt_timer_check                           0x08008879   Thumb Code   152  timer.o(i.rt_timer_check)
    rt_timer_control                         0x08008915   Thumb Code   108  timer.o(i.rt_timer_control)
    rt_timer_detach                          0x080089d5   Thumb Code    90  timer.o(i.rt_timer_detach)
    rt_timer_init                            0x08008ab1   Thumb Code    56  timer.o(i.rt_timer_init)
    rt_timer_start                           0x08008b01   Thumb Code   204  timer.o(i.rt_timer_start)
    rt_timer_stop                            0x08008c4d   Thumb Code    92  timer.o(i.rt_timer_stop)
    rt_vsnprintf                             0x08008d01   Thumb Code   628  kservice.o(i.rt_vsnprintf)
    rt_vsprintf                              0x08008f7d   Thumb Code    12  kservice.o(i.rt_vsprintf)
    rtthread_startup                         0x08008f99   Thumb Code    42  components.o(i.rtthread_startup)
    set_date                                 0x08008fc5   Thumb Code    90  rtc.o(i.set_date)
    set_time                                 0x080090a9   Thumb Code    82  rtc.o(i.set_time)
    time                                     0x080097c5   Thumb Code    58  time.o(i.time)
    version                                  0x08009995   Thumb Code    10  cmd.o(i.version)
    D1CorePrescTable                         0x0800999e   Data          16  system_stm32h7xx.o(.constdata)
    UARTPrescTable                           0x080099ae   Data          24  stm32h7xx_hal_uart.o(.constdata)
    __spm                                    0x0800a27e   Data          26  time.o(.constdata)
    __ctype_table                            0x0800a2f3   Data         129  ctype_o.o(.constdata)
    __fsym_list_mem_name                     0x0800a726   Data           9  mem.o(.rodata.name)
    __fsym_list_mem_desc                     0x0800a72f   Data          30  mem.o(.rodata.name)
    __fsym_hello_name                        0x0800a74d   Data           6  cmd.o(.rodata.name)
    __fsym_hello_desc                        0x0800a753   Data          16  cmd.o(.rodata.name)
    __fsym___cmd_hello_name                  0x0800a763   Data          12  cmd.o(.rodata.name)
    __fsym___cmd_hello_desc                  0x0800a76f   Data          16  cmd.o(.rodata.name)
    __fsym_clear_name                        0x0800a77f   Data           6  cmd.o(.rodata.name)
    __fsym_clear_desc                        0x0800a785   Data          26  cmd.o(.rodata.name)
    __fsym___cmd_clear_name                  0x0800a79f   Data          12  cmd.o(.rodata.name)
    __fsym___cmd_clear_desc                  0x0800a7ab   Data          26  cmd.o(.rodata.name)
    __fsym_version_name                      0x0800a7c5   Data           8  cmd.o(.rodata.name)
    __fsym_version_desc                      0x0800a7cd   Data          35  cmd.o(.rodata.name)
    __fsym___cmd_version_name                0x0800a7f0   Data          14  cmd.o(.rodata.name)
    __fsym___cmd_version_desc                0x0800a7fe   Data          35  cmd.o(.rodata.name)
    __fsym_list_thread_name                  0x0800a821   Data          12  cmd.o(.rodata.name)
    __fsym_list_thread_desc                  0x0800a82d   Data          12  cmd.o(.rodata.name)
    __fsym___cmd_list_thread_name            0x0800a839   Data          18  cmd.o(.rodata.name)
    __fsym___cmd_list_thread_desc            0x0800a84b   Data          12  cmd.o(.rodata.name)
    __fsym_list_sem_name                     0x0800a857   Data           9  cmd.o(.rodata.name)
    __fsym_list_sem_desc                     0x0800a860   Data          25  cmd.o(.rodata.name)
    __fsym___cmd_list_sem_name               0x0800a879   Data          15  cmd.o(.rodata.name)
    __fsym___cmd_list_sem_desc               0x0800a888   Data          25  cmd.o(.rodata.name)
    __fsym_list_event_name                   0x0800a8a1   Data          11  cmd.o(.rodata.name)
    __fsym_list_event_desc                   0x0800a8ac   Data          21  cmd.o(.rodata.name)
    __fsym___cmd_list_event_name             0x0800a8c1   Data          17  cmd.o(.rodata.name)
    __fsym___cmd_list_event_desc             0x0800a8d2   Data          21  cmd.o(.rodata.name)
    __fsym_list_mutex_name                   0x0800a8e7   Data          11  cmd.o(.rodata.name)
    __fsym_list_mutex_desc                   0x0800a8f2   Data          21  cmd.o(.rodata.name)
    __fsym___cmd_list_mutex_name             0x0800a907   Data          17  cmd.o(.rodata.name)
    __fsym___cmd_list_mutex_desc             0x0800a918   Data          21  cmd.o(.rodata.name)
    __fsym_list_mailbox_name                 0x0800a92d   Data          13  cmd.o(.rodata.name)
    __fsym_list_mailbox_desc                 0x0800a93a   Data          24  cmd.o(.rodata.name)
    __fsym___cmd_list_mailbox_name           0x0800a952   Data          19  cmd.o(.rodata.name)
    __fsym___cmd_list_mailbox_desc           0x0800a965   Data          24  cmd.o(.rodata.name)
    __fsym_list_msgqueue_name                0x0800a97d   Data          14  cmd.o(.rodata.name)
    __fsym_list_msgqueue_desc                0x0800a98b   Data          29  cmd.o(.rodata.name)
    __fsym___cmd_list_msgqueue_name          0x0800a9a8   Data          20  cmd.o(.rodata.name)
    __fsym___cmd_list_msgqueue_desc          0x0800a9bc   Data          29  cmd.o(.rodata.name)
    __fsym_list_mempool_name                 0x0800a9d9   Data          13  cmd.o(.rodata.name)
    __fsym_list_mempool_desc                 0x0800a9e6   Data          27  cmd.o(.rodata.name)
    __fsym___cmd_list_mempool_name           0x0800aa01   Data          19  cmd.o(.rodata.name)
    __fsym___cmd_list_mempool_desc           0x0800aa14   Data          27  cmd.o(.rodata.name)
    __fsym_list_timer_name                   0x0800aa2f   Data          11  cmd.o(.rodata.name)
    __fsym_list_timer_desc                   0x0800aa3a   Data          21  cmd.o(.rodata.name)
    __fsym___cmd_list_timer_name             0x0800aa4f   Data          17  cmd.o(.rodata.name)
    __fsym___cmd_list_timer_desc             0x0800aa60   Data          21  cmd.o(.rodata.name)
    __fsym_list_device_name                  0x0800aa75   Data          12  cmd.o(.rodata.name)
    __fsym_list_device_desc                  0x0800aa81   Data          22  cmd.o(.rodata.name)
    __fsym___cmd_list_device_name            0x0800aa97   Data          18  cmd.o(.rodata.name)
    __fsym___cmd_list_device_desc            0x0800aaa9   Data          22  cmd.o(.rodata.name)
    __fsym_list_name                         0x0800aabf   Data           5  cmd.o(.rodata.name)
    __fsym_list_desc                         0x0800aac4   Data          26  cmd.o(.rodata.name)
    __fsym___cmd_help_name                   0x0800aade   Data          11  msh.o(.rodata.name)
    __fsym___cmd_help_desc                   0x0800aae9   Data          22  msh.o(.rodata.name)
    __fsym___cmd_ps_name                     0x0800aaff   Data           9  msh.o(.rodata.name)
    __fsym___cmd_ps_desc                     0x0800ab08   Data          28  msh.o(.rodata.name)
    __fsym___cmd_free_name                   0x0800ab24   Data          11  msh.o(.rodata.name)
    __fsym___cmd_free_desc                   0x0800ab2f   Data          37  msh.o(.rodata.name)
    __fsym_pinMode_name                      0x0800ab54   Data           8  pin.o(.rodata.name)
    __fsym_pinMode_desc                      0x0800ab5c   Data          22  pin.o(.rodata.name)
    __fsym_pinWrite_name                     0x0800ab72   Data           9  pin.o(.rodata.name)
    __fsym_pinWrite_desc                     0x0800ab7b   Data          28  pin.o(.rodata.name)
    __fsym_pinRead_name                      0x0800ab97   Data           8  pin.o(.rodata.name)
    __fsym_pinRead_desc                      0x0800ab9f   Data          30  pin.o(.rodata.name)
    __fsym_pinGet_name                       0x0800abbd   Data           7  pin.o(.rodata.name)
    __fsym_pinGet_desc                       0x0800abc4   Data          33  pin.o(.rodata.name)
    __fsym_list_date_name                    0x0800abe5   Data          10  rtc.o(.rodata.name)
    __fsym_list_date_desc                    0x0800abef   Data          20  rtc.o(.rodata.name)
    __fsym_set_date_name                     0x0800ac03   Data           9  rtc.o(.rodata.name)
    __fsym_set_date_desc                     0x0800ac0c   Data          35  rtc.o(.rodata.name)
    __fsym_set_time_name                     0x0800ac2f   Data           9  rtc.o(.rodata.name)
    __fsym_set_time_desc                     0x0800ac38   Data          34  rtc.o(.rodata.name)
    __fsym___cmd_date_name                   0x0800ac5a   Data          11  rtc.o(.rodata.name)
    __fsym___cmd_date_desc                   0x0800ac65   Data          55  rtc.o(.rodata.name)
    __fsym___cmd_reboot_name                 0x0800ac9c   Data          13  drv_common.o(.rodata.name)
    __fsym___cmd_reboot_desc                 0x0800aca9   Data          14  drv_common.o(.rodata.name)
    __rt_init_rti_start                      0x0800acb8   Data           4  components.o(.rti_fn.0)
    __rt_init_rti_board_start                0x0800acbc   Data           4  components.o(.rti_fn.0.end)
    __rt_init_rti_board_end                  0x0800acc0   Data           4  components.o(.rti_fn.1.end)
    __rt_init_rt_hw_rtc_init                 0x0800acc4   Data           4  drv_rtc.o(.rti_fn.3)
    __rt_init_finsh_system_init              0x0800acc8   Data           4  shell.o(.rti_fn.6)
    __rt_init_rti_end                        0x0800accc   Data           4  components.o(.rti_fn.6.end)
    FSymTab$$Base                            0x0800acd0   Number         0  mem.o(FSymTab)
    __fsym_list_mem                          0x0800acd0   Data          12  mem.o(FSymTab)
    __fsym_hello                             0x0800acdc   Data          12  cmd.o(FSymTab)
    __fsym___cmd_hello                       0x0800ace8   Data          12  cmd.o(FSymTab)
    __fsym_clear                             0x0800acf4   Data          12  cmd.o(FSymTab)
    __fsym___cmd_clear                       0x0800ad00   Data          12  cmd.o(FSymTab)
    __fsym_version                           0x0800ad0c   Data          12  cmd.o(FSymTab)
    __fsym___cmd_version                     0x0800ad18   Data          12  cmd.o(FSymTab)
    __fsym_list_thread                       0x0800ad24   Data          12  cmd.o(FSymTab)
    __fsym___cmd_list_thread                 0x0800ad30   Data          12  cmd.o(FSymTab)
    __fsym_list_sem                          0x0800ad3c   Data          12  cmd.o(FSymTab)
    __fsym___cmd_list_sem                    0x0800ad48   Data          12  cmd.o(FSymTab)
    __fsym_list_event                        0x0800ad54   Data          12  cmd.o(FSymTab)
    __fsym___cmd_list_event                  0x0800ad60   Data          12  cmd.o(FSymTab)
    __fsym_list_mutex                        0x0800ad6c   Data          12  cmd.o(FSymTab)
    __fsym___cmd_list_mutex                  0x0800ad78   Data          12  cmd.o(FSymTab)
    __fsym_list_mailbox                      0x0800ad84   Data          12  cmd.o(FSymTab)
    __fsym___cmd_list_mailbox                0x0800ad90   Data          12  cmd.o(FSymTab)
    __fsym_list_msgqueue                     0x0800ad9c   Data          12  cmd.o(FSymTab)
    __fsym___cmd_list_msgqueue               0x0800ada8   Data          12  cmd.o(FSymTab)
    __fsym_list_mempool                      0x0800adb4   Data          12  cmd.o(FSymTab)
    __fsym___cmd_list_mempool                0x0800adc0   Data          12  cmd.o(FSymTab)
    __fsym_list_timer                        0x0800adcc   Data          12  cmd.o(FSymTab)
    __fsym___cmd_list_timer                  0x0800add8   Data          12  cmd.o(FSymTab)
    __fsym_list_device                       0x0800ade4   Data          12  cmd.o(FSymTab)
    __fsym___cmd_list_device                 0x0800adf0   Data          12  cmd.o(FSymTab)
    __fsym_list                              0x0800adfc   Data          12  cmd.o(FSymTab)
    __fsym___cmd_help                        0x0800ae08   Data          12  msh.o(FSymTab)
    __fsym___cmd_ps                          0x0800ae14   Data          12  msh.o(FSymTab)
    __fsym___cmd_free                        0x0800ae20   Data          12  msh.o(FSymTab)
    __fsym_pinMode                           0x0800ae2c   Data          12  pin.o(FSymTab)
    __fsym_pinWrite                          0x0800ae38   Data          12  pin.o(FSymTab)
    __fsym_pinRead                           0x0800ae44   Data          12  pin.o(FSymTab)
    __fsym_pinGet                            0x0800ae50   Data          12  pin.o(FSymTab)
    __fsym_list_date                         0x0800ae5c   Data          12  rtc.o(FSymTab)
    __fsym_set_date                          0x0800ae68   Data          12  rtc.o(FSymTab)
    __fsym_set_time                          0x0800ae74   Data          12  rtc.o(FSymTab)
    __fsym___cmd_date                        0x0800ae80   Data          12  rtc.o(FSymTab)
    __fsym___cmd_reboot                      0x0800ae8c   Data          12  drv_common.o(FSymTab)
    FSymTab$$Limit                           0x0800ae98   Number         0  drv_common.o(FSymTab)
    Region$$Table$$Base                      0x0800ae98   Number         0  anon$$obj.o(Region$$Table)
    Region$$Table$$Limit                     0x0800aeb8   Number         0  anon$$obj.o(Region$$Table)
    SystemCoreClock                          0x24000000   Data           4  system_stm32h7xx.o(.data)
    SystemD2Clock                            0x24000004   Data           4  system_stm32h7xx.o(.data)
    uwTickFreq                               0x24000008   Data           1  stm32h7xx_hal.o(.data)
    uwTickPrio                               0x2400000c   Data           4  stm32h7xx_hal.o(.data)
    uwTick                                   0x24000010   Data           4  stm32h7xx_hal.o(.data)
    rt_interrupt_nest                        0x24000018   Data           1  irq.o(.data)
    rt_assert_hook                           0x2400002c   Data           4  kservice.o(.data)
    rt_object_trytake_hook                   0x24000058   Data           4  object.o(.data)
    rt_object_take_hook                      0x2400005c   Data           4  object.o(.data)
    rt_object_put_hook                       0x24000060   Data           4  object.o(.data)
    rt_current_priority                      0x240000f4   Data           1  scheduler.o(.data)
    rt_thread_ready_priority_group           0x240000f8   Data           4  scheduler.o(.data)
    rt_current_thread                        0x240000fc   Data           4  scheduler.o(.data)
    rt_thread_defunct                        0x24000104   Data           8  scheduler.o(.data)
    rt_interrupt_from_thread                 0x24000130   Data           4  cpuport.o(.data)
    rt_interrupt_to_thread                   0x24000134   Data           4  cpuport.o(.data)
    rt_thread_switch_interrupt_flag          0x24000138   Data           4  cpuport.o(.data)
    _syscall_table_begin                     0x2400013c   Data           4  shell.o(.data)
    _syscall_table_end                       0x24000140   Data           4  shell.o(.data)
    _sysvar_table_begin                      0x24000144   Data           4  shell.o(.data)
    _sysvar_table_end                        0x24000148   Data           4  shell.o(.data)
    shell                                    0x24000150   Data           4  shell.o(.data)
    rt_thread_priority_table                 0x2400047c   Data         256  scheduler.o(.bss)
    Image$$AXI_SRAM$$ZI$$Limit               0x24000cf0   Number         0  anon$$obj.o ABSOLUTE
    __initial_sp                             0x24000cf0   Data           0  startup_stm32h743xx.o(STACK)



==============================================================================

Memory Map of the image

  Image Entry point : 0x08000299

  Load Region LR_IROM1 (Base: 0x08000000, Size: 0x0000b104, Max: 0x00200000, ABSOLUTE, COMPRESSED[0x0000af30])

    Execution Region ITCM (Exec base: 0x00000000, Load base: 0x0800aeb8, Size: 0x00000000, Max: 0x00010000, ABSOLUTE)

    **** No section assigned to this execution region ****


    Execution Region ER_IROM1 (Exec base: 0x08000000, Load base: 0x08000000, Size: 0x0000aeb8, Max: 0x00200000, ABSOLUTE)

    Exec Addr    Load Addr    Size         Type   Attr      Idx    E Section Name        Object

    0x08000000   0x08000000   0x00000298   Data   RO          641    RESET               startup_stm32h743xx.o
    0x08000298   0x08000298   0x00000000   Code   RO        20637  * .ARM.Collect$$$$00000000  mc_w.l(entry.o)
    0x08000298   0x08000298   0x00000004   Code   RO        20664    .ARM.Collect$$$$00000001  mc_w.l(entry2.o)
    0x0800029c   0x0800029c   0x00000004   Code   RO        20667    .ARM.Collect$$$$00000004  mc_w.l(entry5.o)
    0x080002a0   0x080002a0   0x00000000   Code   RO        20669    .ARM.Collect$$$$00000008  mc_w.l(entry7b.o)
    0x080002a0   0x080002a0   0x00000000   Code   RO        20671    .ARM.Collect$$$$0000000A  mc_w.l(entry8b.o)
    0x080002a0   0x080002a0   0x00000008   Code   RO        20672    .ARM.Collect$$$$0000000B  mc_w.l(entry9a.o)
    0x080002a8   0x080002a8   0x00000000   Code   RO        20674    .ARM.Collect$$$$0000000D  mc_w.l(entry10a.o)
    0x080002a8   0x080002a8   0x00000000   Code   RO        20676    .ARM.Collect$$$$0000000F  mc_w.l(entry11a.o)
    0x080002a8   0x080002a8   0x00000004   Code   RO        20665    .ARM.Collect$$$$00002712  mc_w.l(entry2.o)
    0x080002ac   0x080002ac   0x00000010   Code   RO        18167    .emb_text           cpuport.o
    0x080002bc   0x080002bc   0x00000024   Code   RO          642    .text               startup_stm32h743xx.o
    0x080002e0   0x080002e0   0x00000134   Code   RO        18089    .text               context_rvds.o
    0x08000414   0x08000414   0x00000062   Code   RO        20640    .text               mc_w.l(uldiv.o)
    0x08000476   0x08000476   0x00000024   Code   RO        20642    .text               mc_w.l(memcpya.o)
    0x0800049a   0x0800049a   0x00000024   Code   RO        20644    .text               mc_w.l(memseta.o)
    0x080004be   0x080004be   0x00000018   Code   RO        20646    .text               mc_w.l(strcat.o)
    0x080004d6   0x080004d6   0x00000018   Code   RO        20648    .text               mc_w.l(strncpy.o)
    0x080004ee   0x080004ee   0x0000000e   Code   RO        20650    .text               mc_w.l(strlen.o)
    0x080004fc   0x080004fc   0x0000001a   Code   RO        20654    .text               mc_w.l(memcmp.o)
    0x08000516   0x08000516   0x00000012   Code   RO        20656    .text               mc_w.l(strcpy.o)
    0x08000528   0x08000528   0x0000001e   Code   RO        20658    .text               mc_w.l(strncmp.o)
    0x08000546   0x08000546   0x0000001a   Code   RO        20662    .text               mc_w.l(atoi.o)
    0x08000560   0x08000560   0x0000001e   Code   RO        20678    .text               mc_w.l(llshl.o)
    0x0800057e   0x0800057e   0x00000020   Code   RO        20680    .text               mc_w.l(llushr.o)
    0x0800059e   0x0800059e   0x00000070   Code   RO        20689    .text               mc_w.l(strtol.o)
    0x0800060e   0x0800060e   0x00000002   PAD
    0x08000610   0x08000610   0x00000024   Code   RO        20691    .text               mc_w.l(init.o)
    0x08000634   0x08000634   0x00000008   Code   RO        20693    .text               mc_w.l(ctype_o.o)
    0x0800063c   0x0800063c   0x0000009e   Code   RO        20721    .text               mc_w.l(_strtoul.o)
    0x080006da   0x080006da   0x0000001c   Code   RO        20723    .text               mc_w.l(_chval.o)
    0x080006f6   0x080006f6   0x00000056   Code   RO        20733    .text               mc_w.l(__dczerorl2.o)
    0x0800074c   0x0800074c   0x0000000a   Code   RO        16695    i.$Sub$$main        components.o
    0x08000756   0x08000756   0x00000002   Code   RO          340    i.BusFault_Handler  stm32h7xx_it.o
    0x08000758   0x08000758   0x00000220   Code   RO         2933    i.DMA_SetConfig     stm32h7xx_hal_dma.o
    0x08000978   0x08000978   0x00000002   Code   RO          341    i.DebugMon_Handler  stm32h7xx_it.o
    0x0800097a   0x0800097a   0x00000014   Code   RO        20162    i.EXTI0_IRQHandler  drv_gpio.o
    0x0800098e   0x0800098e   0x0000003e   Code   RO        20163    i.EXTI15_10_IRQHandler  drv_gpio.o
    0x080009cc   0x080009cc   0x00000014   Code   RO        20164    i.EXTI1_IRQHandler  drv_gpio.o
    0x080009e0   0x080009e0   0x00000014   Code   RO        20165    i.EXTI2_IRQHandler  drv_gpio.o
    0x080009f4   0x080009f4   0x00000014   Code   RO        20166    i.EXTI3_IRQHandler  drv_gpio.o
    0x08000a08   0x08000a08   0x00000014   Code   RO        20167    i.EXTI4_IRQHandler  drv_gpio.o
    0x08000a1c   0x08000a1c   0x00000030   Code   RO        20168    i.EXTI9_5_IRQHandler  drv_gpio.o
    0x08000a4c   0x08000a4c   0x0000029c   Code   RO         2944    i.HAL_DMA_Start_IT  stm32h7xx_hal_dma.o
    0x08000ce8   0x08000ce8   0x00000170   Code   RO         4733    i.HAL_GPIO_DeInit   stm32h7xx_hal_gpio.o
    0x08000e58   0x08000e58   0x00000024   Code   RO        20169    i.HAL_GPIO_EXTI_Callback  drv_gpio.o
    0x08000e7c   0x08000e7c   0x00000018   Code   RO         4735    i.HAL_GPIO_EXTI_IRQHandler  stm32h7xx_hal_gpio.o
    0x08000e94   0x08000e94   0x00000230   Code   RO         4736    i.HAL_GPIO_Init     stm32h7xx_hal_gpio.o
    0x080010c4   0x080010c4   0x0000000a   Code   RO         4738    i.HAL_GPIO_ReadPin  stm32h7xx_hal_gpio.o
    0x080010ce   0x080010ce   0x0000000a   Code   RO         4740    i.HAL_GPIO_WritePin  stm32h7xx_hal_gpio.o
    0x080010d8   0x080010d8   0x0000000c   Code   RO          804    i.HAL_GetREVID      stm32h7xx_hal.o
    0x080010e4   0x080010e4   0x00000012   Code   RO        20050    i.HAL_GetTick       drv_common.o
    0x080010f6   0x080010f6   0x00000002   PAD
    0x080010f8   0x080010f8   0x00000010   Code   RO          811    i.HAL_IncTick       stm32h7xx_hal.o
    0x08001108   0x08001108   0x0000005c   Code   RO          812    i.HAL_Init          stm32h7xx_hal.o
    0x08001164   0x08001164   0x00000004   Code   RO        20051    i.HAL_InitTick      drv_common.o
    0x08001168   0x08001168   0x0000001c   Code   RO            4    i.HAL_MspInit       stm32h7xx_hal_msp.o
    0x08001184   0x08001184   0x00000022   Code   RO         1796    i.HAL_NVIC_DisableIRQ  stm32h7xx_hal_cortex.o
    0x080011a6   0x080011a6   0x0000001a   Code   RO         1797    i.HAL_NVIC_EnableIRQ  stm32h7xx_hal_cortex.o
    0x080011c0   0x080011c0   0x00000040   Code   RO         1803    i.HAL_NVIC_SetPriority  stm32h7xx_hal_cortex.o
    0x08001200   0x08001200   0x00000024   Code   RO         1804    i.HAL_NVIC_SetPriorityGrouping  stm32h7xx_hal_cortex.o
    0x08001224   0x08001224   0x00000054   Code   RO         9139    i.HAL_PWREx_ConfigSupply  stm32h7xx_hal_pwr_ex.o
    0x08001278   0x08001278   0x00000010   Code   RO         9021    i.HAL_PWR_EnableBkUpAccess  stm32h7xx_hal_pwr.o
    0x08001288   0x08001288   0x00000044   Code   RO         9765    i.HAL_RCCEx_GetD1SysClockFreq  stm32h7xx_hal_rcc_ex.o
    0x080012cc   0x080012cc   0x00000024   Code   RO         9766    i.HAL_RCCEx_GetD3PCLK1Freq  stm32h7xx_hal_rcc_ex.o
    0x080012f0   0x080012f0   0x00000144   Code   RO         9768    i.HAL_RCCEx_GetPLL2ClockFreq  stm32h7xx_hal_rcc_ex.o
    0x08001434   0x08001434   0x00000144   Code   RO         9769    i.HAL_RCCEx_GetPLL3ClockFreq  stm32h7xx_hal_rcc_ex.o
    0x08001578   0x08001578   0x000008ba   Code   RO         9775    i.HAL_RCCEx_PeriphCLKConfig  stm32h7xx_hal_rcc_ex.o
    0x08001e32   0x08001e32   0x00000002   PAD
    0x08001e34   0x08001e34   0x0000025c   Code   RO         9651    i.HAL_RCC_ClockConfig  stm32h7xx_hal_rcc.o
    0x08002090   0x08002090   0x00000044   Code   RO         9656    i.HAL_RCC_GetHCLKFreq  stm32h7xx_hal_rcc.o
    0x080020d4   0x080020d4   0x00000024   Code   RO         9658    i.HAL_RCC_GetPCLK1Freq  stm32h7xx_hal_rcc.o
    0x080020f8   0x080020f8   0x00000024   Code   RO         9659    i.HAL_RCC_GetPCLK2Freq  stm32h7xx_hal_rcc.o
    0x0800211c   0x0800211c   0x00000138   Code   RO         9660    i.HAL_RCC_GetSysClockFreq  stm32h7xx_hal_rcc.o
    0x08002254   0x08002254   0x00000508   Code   RO         9663    i.HAL_RCC_OscConfig  stm32h7xx_hal_rcc.o
    0x0800275c   0x0800275c   0x0000000a   Code   RO        10188    i.HAL_RTCEx_BKUPRead  stm32h7xx_hal_rtc_ex.o
    0x08002766   0x08002766   0x0000000a   Code   RO        10189    i.HAL_RTCEx_BKUPWrite  stm32h7xx_hal_rtc_ex.o
    0x08002770   0x08002770   0x00000048   Code   RO        10049    i.HAL_RTC_GetDate   stm32h7xx_hal_rtc.o
    0x080027b8   0x080027b8   0x00000058   Code   RO        10051    i.HAL_RTC_GetTime   stm32h7xx_hal_rtc.o
    0x08002810   0x08002810   0x00000094   Code   RO        10052    i.HAL_RTC_Init      stm32h7xx_hal_rtc.o
    0x080028a4   0x080028a4   0x00000002   Code   RO        10054    i.HAL_RTC_MspInit   stm32h7xx_hal_rtc.o
    0x080028a6   0x080028a6   0x00000002   PAD
    0x080028a8   0x080028a8   0x000000a0   Code   RO        10058    i.HAL_RTC_SetDate   stm32h7xx_hal_rtc.o
    0x08002948   0x08002948   0x000000d0   Code   RO        10059    i.HAL_RTC_SetTime   stm32h7xx_hal_rtc.o
    0x08002a18   0x08002a18   0x00000036   Code   RO        10060    i.HAL_RTC_WaitForSynchro  stm32h7xx_hal_rtc.o
    0x08002a4e   0x08002a4e   0x00000018   Code   RO         1806    i.HAL_SYSTICK_CLKSourceConfig  stm32h7xx_hal_cortex.o
    0x08002a66   0x08002a66   0x00000026   Code   RO         1808    i.HAL_SYSTICK_Config  stm32h7xx_hal_cortex.o
    0x08002a8c   0x08002a8c   0x00000042   Code   RO        13295    i.HAL_UART_DeInit   stm32h7xx_hal_uart.o
    0x08002ace   0x08002ace   0x00000002   Code   RO        13298    i.HAL_UART_ErrorCallback  stm32h7xx_hal_uart.o
    0x08002ad0   0x08002ad0   0x0000006a   Code   RO        13302    i.HAL_UART_Init     stm32h7xx_hal_uart.o
    0x08002b3a   0x08002b3a   0x00000002   PAD
    0x08002b3c   0x08002b3c   0x00000058   Code   RO        20348    i.HAL_UART_MspDeInit  drv_usart.o
    0x08002b94   0x08002b94   0x000000d8   Code   RO        20349    i.HAL_UART_MspInit  drv_usart.o
    0x08002c6c   0x08002c6c   0x0000009c   Code   RO        13312    i.HAL_UART_Transmit_DMA  stm32h7xx_hal_uart.o
    0x08002d08   0x08002d08   0x00000002   Code   RO        13314    i.HAL_UART_TxCpltCallback  stm32h7xx_hal_uart.o
    0x08002d0a   0x08002d0a   0x00000002   Code   RO        13315    i.HAL_UART_TxHalfCpltCallback  stm32h7xx_hal_uart.o
    0x08002d0c   0x08002d0c   0x00000018   Code   RO        20350    i.LPUART1_IRQHandler  drv_usart.o
    0x08002d24   0x08002d24   0x00000002   Code   RO          342    i.NMI_Handler       stm32h7xx_it.o
    0x08002d26   0x08002d26   0x00000002   PAD
    0x08002d28   0x08002d28   0x00000120   Code   RO         9778    i.RCCEx_PLL2_Config  stm32h7xx_hal_rcc_ex.o
    0x08002e48   0x08002e48   0x00000120   Code   RO         9779    i.RCCEx_PLL3_Config  stm32h7xx_hal_rcc_ex.o
    0x08002f68   0x08002f68   0x00000012   Code   RO        10061    i.RTC_Bcd2ToByte    stm32h7xx_hal_rtc.o
    0x08002f7a   0x08002f7a   0x00000018   Code   RO        10062    i.RTC_ByteToBcd2    stm32h7xx_hal_rtc.o
    0x08002f92   0x08002f92   0x00000002   PAD
    0x08002f94   0x08002f94   0x00000042   Code   RO        10063    i.RTC_EnterInitMode  stm32h7xx_hal_rtc.o
    0x08002fd6   0x08002fd6   0x00000002   PAD
    0x08002fd8   0x08002fd8   0x00000054   Code   RO        10064    i.RTC_ExitInitMode  stm32h7xx_hal_rtc.o
    0x0800302c   0x0800302c   0x00000002   Code   RO          343    i.SVC_Handler       stm32h7xx_it.o
    0x0800302e   0x0800302e   0x00000016   Code   RO        20054    i.SysTick_Handler   drv_common.o
    0x08003044   0x08003044   0x000000cc   Code   RO          755    i.SystemClock_Config  sys_conf.o
    0x08003110   0x08003110   0x000000e4   Code   RO          451    i.SystemInit        system_stm32h7xx.o
    0x080031f4   0x080031f4   0x00000018   Code   RO        20351    i.UART4_IRQHandler  drv_usart.o
    0x0800320c   0x0800320c   0x000000c8   Code   RO        13316    i.UART_AdvFeatureConfig  stm32h7xx_hal_uart.o
    0x080032d4   0x080032d4   0x0000005e   Code   RO        13317    i.UART_CheckIdleState  stm32h7xx_hal_uart.o
    0x08003332   0x08003332   0x0000004e   Code   RO        13319    i.UART_DMAError     stm32h7xx_hal_uart.o
    0x08003380   0x08003380   0x0000002e   Code   RO        13324    i.UART_DMATransmitCplt  stm32h7xx_hal_uart.o
    0x080033ae   0x080033ae   0x0000000a   Code   RO        13326    i.UART_DMATxHalfCplt  stm32h7xx_hal_uart.o
    0x080033b8   0x080033b8   0x00000028   Code   RO        13328    i.UART_EndRxTransfer  stm32h7xx_hal_uart.o
    0x080033e0   0x080033e0   0x0000001c   Code   RO        13329    i.UART_EndTxTransfer  stm32h7xx_hal_uart.o
    0x080033fc   0x080033fc   0x000003b0   Code   RO        13334    i.UART_SetConfig    stm32h7xx_hal_uart.o
    0x080037ac   0x080037ac   0x000000a4   Code   RO        13339    i.UART_WaitOnFlagUntilTimeout  stm32h7xx_hal_uart.o
    0x08003850   0x08003850   0x00000002   Code   RO          344    i.UsageFault_Handler  stm32h7xx_it.o
    0x08003852   0x08003852   0x00000022   Code   RO         1810    i.__NVIC_SetPriority  stm32h7xx_hal_cortex.o
    0x08003874   0x08003874   0x00000008   Code   RO        20682    i.__aeabi_errno_addr  mc_w.l(errno.o)
    0x0800387c   0x0800387c   0x00000026   Code   RO        20526    i.__isleap          time.o
    0x080038a2   0x080038a2   0x0000000e   Code   RO        20727    i.__scatterload_copy  mc_w.l(handlers.o)
    0x080038b0   0x080038b0   0x00000002   Code   RO        20728    i.__scatterload_null  mc_w.l(handlers.o)
    0x080038b2   0x080038b2   0x0000000e   Code   RO        20729    i.__scatterload_zeroinit  mc_w.l(handlers.o)
    0x080038c0   0x080038c0   0x00000024   Code   RO        17691    i._get_highest_priority_thread  scheduler.o
    0x080038e4   0x080038e4   0x00000014   Code   RO        16861    i._has_defunct_thread  idle.o
    0x080038f8   0x080038f8   0x000000cc   Code   RO        18404    i._msh_exec_cmd     msh.o
    0x080039c4   0x080039c4   0x00000040   Code   RO        19434    i._pin_control      pin.o
    0x08003a04   0x08003a04   0x00000044   Code   RO        19435    i._pin_read         pin.o
    0x08003a48   0x08003a48   0x00000044   Code   RO        19436    i._pin_write        pin.o
    0x08003a8c   0x08003a8c   0x000000bc   Code   RO        17692    i._rt_scheduler_stack_check  scheduler.o
    0x08003b48   0x08003b48   0x000000b8   Code   RO        17791    i._rt_thread_init   thread.o
    0x08003c00   0x08003c00   0x0000001a   Code   RO        17939    i._rt_timer_init    timer.o
    0x08003c1a   0x08003c1a   0x00000012   Code   RO        17940    i._rt_timer_remove  timer.o
    0x08003c2c   0x08003c2c   0x000000a4   Code   RO        19367    i._serial_int_rx    serial.o
    0x08003cd0   0x08003cd0   0x00000090   Code   RO        19368    i._serial_int_tx    serial.o
    0x08003d60   0x08003d60   0x0000000c   Code   RO        20527    i.asctime           time.o
    0x08003d6c   0x08003d6c   0x00000090   Code   RO        20528    i.asctime_r         time.o
    0x08003dfc   0x08003dfc   0x0000001c   Code   RO        20170    i.bit2bitno         drv_gpio.o
    0x08003e18   0x08003e18   0x000000e8   Code   RO        18168    i.bus_fault_track   cpuport.o
    0x08003f00   0x08003f00   0x00000014   Code   RO        18234    i.clear             cmd.o
    0x08003f14   0x08003f14   0x0000000a   Code   RO        18405    i.cmd_free          msh.o
    0x08003f1e   0x08003f1e   0x0000000a   Code   RO        18406    i.cmd_ps            msh.o
    0x08003f28   0x08003f28   0x0000000e   Code   RO        20530    i.ctime             time.o
    0x08003f36   0x08003f36   0x00000002   PAD
    0x08003f38   0x08003f38   0x000001ec   Code   RO        19988    i.date              rtc.o
    0x08004124   0x08004124   0x00000060   Code   RO        18474    i.finsh_get_prompt  shell.o
    0x08004184   0x08004184   0x00000038   Code   RO        18476    i.finsh_rx_ind      shell.o
    0x080041bc   0x080041bc   0x000000d4   Code   RO        18477    i.finsh_set_device  shell.o
    0x08004290   0x08004290   0x00000040   Code   RO        18480    i.finsh_set_prompt_mode  shell.o
    0x080042d0   0x080042d0   0x0000000c   Code   RO        18481    i.finsh_system_function_init  shell.o
    0x080042dc   0x080042dc   0x00000094   Code   RO        18482    i.finsh_system_init  shell.o
    0x08004370   0x08004370   0x000003cc   Code   RO        18484    i.finsh_thread_entry  shell.o
    0x0800473c   0x0800473c   0x000000bc   Code   RO        20533    i.gmtime_r          time.o
    0x080047f8   0x080047f8   0x00000078   Code   RO        18169    i.hard_fault_track  cpuport.o
    0x08004870   0x08004870   0x00000020   Code   RO        18235    i.hello             cmd.o
    0x08004890   0x08004890   0x00000064   Code   RO        18236    i.list              cmd.o
    0x080048f4   0x080048f4   0x00000024   Code   RO        19989    i.list_date         rtc.o
    0x08004918   0x08004918   0x00000104   Code   RO        18237    i.list_device       cmd.o
    0x08004a1c   0x08004a1c   0x00000130   Code   RO        18238    i.list_event        cmd.o
    0x08004b4c   0x08004b4c   0x00000024   Code   RO        18239    i.list_find_init    cmd.o
    0x08004b70   0x08004b70   0x00000066   Code   RO        18240    i.list_get_next     cmd.o
    0x08004bd6   0x08004bd6   0x00000002   PAD
    0x08004bd8   0x08004bd8   0x00000140   Code   RO        18241    i.list_mailbox      cmd.o
    0x08004d18   0x08004d18   0x0000006c   Code   RO        17415    i.list_mem          mem.o
    0x08004d84   0x08004d84   0x00000150   Code   RO        18242    i.list_mempool      cmd.o
    0x08004ed4   0x08004ed4   0x00000128   Code   RO        18243    i.list_msgqueue     cmd.o
    0x08004ffc   0x08004ffc   0x000000f8   Code   RO        18244    i.list_mutex        cmd.o
    0x080050f4   0x080050f4   0x0000011c   Code   RO        18245    i.list_sem          cmd.o
    0x08005210   0x08005210   0x000001bc   Code   RO        18246    i.list_thread       cmd.o
    0x080053cc   0x080053cc   0x00000140   Code   RO        18247    i.list_timer        cmd.o
    0x0800550c   0x0800550c   0x0000000c   Code   RO        20534    i.localtime         time.o
    0x08005518   0x08005518   0x0000002a   Code   RO          649    i.main              main.o
    0x08005542   0x08005542   0x0000000e   Code   RO        16696    i.main_thread_entry  components.o
    0x08005550   0x08005550   0x000000d8   Code   RO        18170    i.mem_manage_fault_track  cpuport.o
    0x08005628   0x08005628   0x00000148   Code   RO        20536    i.mktime            time.o
    0x08005770   0x08005770   0x000000ac   Code   RO        18407    i.msh_auto_complete  msh.o
    0x0800581c   0x0800581c   0x00000064   Code   RO        18408    i.msh_exec          msh.o
    0x08005880   0x08005880   0x00000078   Code   RO        18409    i.msh_help          msh.o
    0x080058f8   0x080058f8   0x00000004   Code   RO        18410    i.msh_is_used       msh.o
    0x080058fc   0x080058fc   0x000000d0   Code   RO        18411    i.msh_split         msh.o
    0x080059cc   0x080059cc   0x0000001a   Code   RO        20537    i.num2str           time.o
    0x080059e6   0x080059e6   0x00000002   PAD
    0x080059e8   0x080059e8   0x00000018   Code   RO        18248    i.object_split      cmd.o
    0x08005a00   0x08005a00   0x000000e8   Code   RO        17416    i.plug_holes        mem.o
    0x08005ae8   0x08005ae8   0x00000134   Code   RO        17220    i.print_number      kservice.o
    0x08005c1c   0x08005c1c   0x00000004   Code   RO        20056    i.reboot            drv_common.o
    0x08005c20   0x08005c20   0x00000050   Code   RO        16697    i.rt_application_init  components.o
    0x08005c70   0x08005c70   0x0000006c   Code   RO        17221    i.rt_assert_handler  kservice.o
    0x08005cdc   0x08005cdc   0x0000001a   Code   RO        17417    i.rt_calloc         mem.o
    0x08005cf6   0x08005cf6   0x00000002   PAD
    0x08005cf8   0x08005cf8   0x00000064   Code   RO        19516    i.rt_completion_done  completion.o
    0x08005d5c   0x08005d5c   0x00000040   Code   RO        19517    i.rt_completion_init  completion.o
    0x08005d9c   0x08005d9c   0x00000138   Code   RO        19518    i.rt_completion_wait  completion.o
    0x08005ed4   0x08005ed4   0x0000001c   Code   RO        16698    i.rt_components_board_init  components.o
    0x08005ef0   0x08005ef0   0x0000001c   Code   RO        16699    i.rt_components_init  components.o
    0x08005f0c   0x08005f0c   0x0000000c   Code   RO        17223    i.rt_console_get_device  kservice.o
    0x08005f18   0x08005f18   0x00000030   Code   RO        17224    i.rt_console_set_device  kservice.o
    0x08005f48   0x08005f48   0x000000ac   Code   RO        16770    i.rt_device_close   device.o
    0x08005ff4   0x08005ff4   0x00000094   Code   RO        16771    i.rt_device_control  device.o
    0x08006088   0x08006088   0x0000007c   Code   RO        16774    i.rt_device_find    device.o
    0x08006104   0x08006104   0x00000140   Code   RO        16777    i.rt_device_open    device.o
    0x08006244   0x08006244   0x00000044   Code   RO        19437    i.rt_device_pin_register  pin.o
    0x08006288   0x08006288   0x000000b0   Code   RO        16778    i.rt_device_read    device.o
    0x08006338   0x08006338   0x00000032   Code   RO        16779    i.rt_device_register  device.o
    0x0800636a   0x0800636a   0x00000002   PAD
    0x0800636c   0x0800636c   0x00000080   Code   RO        16780    i.rt_device_set_rx_indicate  device.o
    0x080063ec   0x080063ec   0x000000b0   Code   RO        16783    i.rt_device_write   device.o
    0x0800649c   0x0800649c   0x0000001c   Code   RO        17694    i.rt_enter_critical  scheduler.o
    0x080064b8   0x080064b8   0x00000038   Code   RO        17695    i.rt_exit_critical  scheduler.o
    0x080064f0   0x080064f0   0x000001c8   Code   RO        17418    i.rt_free           mem.o
    0x080066b8   0x080066b8   0x000000c0   Code   RO        20057    i.rt_hw_board_init  drv_common.o
    0x08006778   0x08006778   0x00000002   Code   RO        17227    i.rt_hw_console_output  kservice.o
    0x0800677a   0x0800677a   0x00000002   PAD
    0x0800677c   0x0800677c   0x00000010   Code   RO        18171    i.rt_hw_cpu_reset   cpuport.o
    0x0800678c   0x0800678c   0x00000218   Code   RO        18174    i.rt_hw_hard_fault_exception  cpuport.o
    0x080069a4   0x080069a4   0x000000cc   Code   RO        20171    i.rt_hw_pin_init    drv_gpio.o
    0x08006a70   0x08006a70   0x00000064   Code   RO        20277    i.rt_hw_rtc_init    drv_rtc.o
    0x08006ad4   0x08006ad4   0x00000088   Code   RO        20278    i.rt_hw_rtc_register  drv_rtc.o
    0x08006b5c   0x08006b5c   0x00000114   Code   RO        19369    i.rt_hw_serial_isr  serial.o
    0x08006c70   0x08006c70   0x0000007c   Code   RO        19370    i.rt_hw_serial_register  serial.o
    0x08006cec   0x08006cec   0x00000038   Code   RO        18175    i.rt_hw_stack_init  cpuport.o
    0x08006d24   0x08006d24   0x00000028   Code   RO        20058    i.rt_hw_systick_init  drv_common.o
    0x08006d4c   0x08006d4c   0x0000009c   Code   RO        20352    i.rt_hw_usart_init  drv_usart.o
    0x08006de8   0x08006de8   0x00000024   Code   RO        17180    i.rt_interrupt_enter  irq.o
    0x08006e0c   0x08006e0c   0x00000018   Code   RO        17182    i.rt_interrupt_get_nest  irq.o
    0x08006e24   0x08006e24   0x00000024   Code   RO        17183    i.rt_interrupt_leave  irq.o
    0x08006e48   0x08006e48   0x0000000e   Code   RO        16921    i.rt_ipc_list_resume  ipc.o
    0x08006e56   0x08006e56   0x00000002   PAD
    0x08006e58   0x08006e58   0x00000052   Code   RO        16923    i.rt_ipc_list_suspend  ipc.o
    0x08006eaa   0x08006eaa   0x00000002   PAD
    0x08006eac   0x08006eac   0x00000048   Code   RO        17228    i.rt_kprintf        kservice.o
    0x08006ef4   0x08006ef4   0x0000000e   Code   RO        17572    i.rt_list_insert_after  object.o
    0x08006f02   0x08006f02   0x0000000e   Code   RO        17792    i.rt_list_insert_after  thread.o
    0x08006f10   0x08006f10   0x0000000e   Code   RO        17941    i.rt_list_insert_after  timer.o
    0x08006f1e   0x08006f1e   0x0000000e   Code   RO        16924    i.rt_list_insert_before  ipc.o
    0x08006f2c   0x08006f2c   0x00000012   Code   RO        18249    i.rt_list_len       cmd.o
    0x08006f3e   0x08006f3e   0x00000012   Code   RO        17573    i.rt_list_remove    object.o
    0x08006f50   0x08006f50   0x00000012   Code   RO        17793    i.rt_list_remove    thread.o
    0x08006f62   0x08006f62   0x00000002   PAD
    0x08006f64   0x08006f64   0x000001fc   Code   RO        17420    i.rt_malloc         mem.o
    0x08007160   0x08007160   0x00000032   Code   RO        17233    i.rt_memmove        kservice.o
    0x08007192   0x08007192   0x00000042   Code   RO        17234    i.rt_memset         kservice.o
    0x080071d4   0x080071d4   0x000000dc   Code   RO        17574    i.rt_object_allocate  object.o
    0x080072b0   0x080072b0   0x00000098   Code   RO        17576    i.rt_object_delete  object.o
    0x08007348   0x08007348   0x00000054   Code   RO        17577    i.rt_object_detach  object.o
    0x0800739c   0x0800739c   0x00000024   Code   RO        17580    i.rt_object_get_information  object.o
    0x080073c0   0x080073c0   0x00000034   Code   RO        17583    i.rt_object_get_type  object.o
    0x080073f4   0x080073f4   0x000000b4   Code   RO        17584    i.rt_object_init    object.o
    0x080074a8   0x080074a8   0x00000038   Code   RO        17585    i.rt_object_is_systemobject  object.o
    0x080074e0   0x080074e0   0x00000068   Code   RO        19440    i.rt_pin_get        pin.o
    0x08007548   0x08007548   0x00000048   Code   RO        19442    i.rt_pin_mode       pin.o
    0x08007590   0x08007590   0x00000044   Code   RO        19443    i.rt_pin_read       pin.o
    0x080075d4   0x080075d4   0x00000048   Code   RO        19444    i.rt_pin_write      pin.o
    0x0800761c   0x0800761c   0x0000009c   Code   RO        20279    i.rt_rtc_config     drv_rtc.o
    0x080076b8   0x080076b8   0x000000a8   Code   RO        20280    i.rt_rtc_control    drv_rtc.o
    0x08007760   0x08007760   0x000000cc   Code   RO        17696    i.rt_schedule       scheduler.o
    0x0800782c   0x0800782c   0x00000084   Code   RO        17697    i.rt_schedule_insert_thread  scheduler.o
    0x080078b0   0x080078b0   0x00000070   Code   RO        17698    i.rt_schedule_remove_thread  scheduler.o
    0x08007920   0x08007920   0x0000006c   Code   RO        16953    i.rt_sem_init       ipc.o
    0x0800798c   0x0800798c   0x00000094   Code   RO        16954    i.rt_sem_release    ipc.o
    0x08007a20   0x08007a20   0x0000017c   Code   RO        16955    i.rt_sem_take       ipc.o
    0x08007b9c   0x08007b9c   0x000000c4   Code   RO        19371    i.rt_serial_close   serial.o
    0x08007c60   0x08007c60   0x00000094   Code   RO        19372    i.rt_serial_control  serial.o
    0x08007cf4   0x08007cf4   0x00000044   Code   RO        19373    i.rt_serial_init    serial.o
    0x08007d38   0x08007d38   0x00000158   Code   RO        19374    i.rt_serial_open    serial.o
    0x08007e90   0x08007e90   0x0000008c   Code   RO        19375    i.rt_serial_read    serial.o
    0x08007f1c   0x08007f1c   0x00000088   Code   RO        19376    i.rt_serial_write   serial.o
    0x08007fa4   0x08007fa4   0x00000020   Code   RO        17235    i.rt_set_errno      kservice.o
    0x08007fc4   0x08007fc4   0x000000b0   Code   RO        17236    i.rt_show_version   kservice.o
    0x08008074   0x08008074   0x00000012   Code   RO        17238    i.rt_sprintf        kservice.o
    0x08008086   0x08008086   0x00000010   Code   RO        17242    i.rt_strlen         kservice.o
    0x08008096   0x08008096   0x00000020   Code   RO        17243    i.rt_strncmp        kservice.o
    0x080080b6   0x080080b6   0x00000026   Code   RO        17244    i.rt_strncpy        kservice.o
    0x080080dc   0x080080dc   0x0000010c   Code   RO        17424    i.rt_system_heap_init  mem.o
    0x080081e8   0x080081e8   0x00000030   Code   RO        17700    i.rt_system_scheduler_init  scheduler.o
    0x08008218   0x08008218   0x00000028   Code   RO        17701    i.rt_system_scheduler_start  scheduler.o
    0x08008240   0x08008240   0x0000000c   Code   RO        17942    i.rt_system_timer_init  timer.o
    0x0800824c   0x0800824c   0x00000002   Code   RO        17943    i.rt_system_timer_thread_init  timer.o
    0x0800824e   0x0800824e   0x00000048   Code   RO        17795    i.rt_thread_create  thread.o
    0x08008296   0x08008296   0x00000002   PAD
    0x08008298   0x08008298   0x00000058   Code   RO        17800    i.rt_thread_exit    thread.o
    0x080082f0   0x080082f0   0x0000001c   Code   RO        16863    i.rt_thread_idle_entry  idle.o
    0x0800830c   0x0800830c   0x000000cc   Code   RO        16864    i.rt_thread_idle_excute  idle.o
    0x080083d8   0x080083d8   0x00000044   Code   RO        16866    i.rt_thread_idle_init  idle.o
    0x0800841c   0x0800841c   0x00000080   Code   RO        17802    i.rt_thread_init    thread.o
    0x0800849c   0x0800849c   0x0000000e   Code   RO        17804    i.rt_thread_mdelay  thread.o
    0x080084aa   0x080084aa   0x00000002   PAD
    0x080084ac   0x080084ac   0x0000008c   Code   RO        17805    i.rt_thread_resume  thread.o
    0x08008538   0x08008538   0x0000000c   Code   RO        17807    i.rt_thread_self    thread.o
    0x08008544   0x08008544   0x00000080   Code   RO        17808    i.rt_thread_sleep   thread.o
    0x080085c4   0x080085c4   0x000000bc   Code   RO        17809    i.rt_thread_startup  thread.o
    0x08008680   0x08008680   0x000000cc   Code   RO        17810    i.rt_thread_suspend  thread.o
    0x0800874c   0x0800874c   0x000000b4   Code   RO        17812    i.rt_thread_timeout  thread.o
    0x08008800   0x08008800   0x00000034   Code   RO        16658    i.rt_tick_from_millisecond  clock.o
    0x08008834   0x08008834   0x0000000c   Code   RO        16659    i.rt_tick_get       clock.o
    0x08008840   0x08008840   0x00000038   Code   RO        16660    i.rt_tick_increase  clock.o
    0x08008878   0x08008878   0x0000009c   Code   RO        17944    i.rt_timer_check    timer.o
    0x08008914   0x08008914   0x000000c0   Code   RO        17945    i.rt_timer_control  timer.o
    0x080089d4   0x080089d4   0x000000dc   Code   RO        17948    i.rt_timer_detach   timer.o
    0x08008ab0   0x08008ab0   0x00000050   Code   RO        17951    i.rt_timer_init     timer.o
    0x08008b00   0x08008b00   0x0000014c   Code   RO        17953    i.rt_timer_start    timer.o
    0x08008c4c   0x08008c4c   0x000000b4   Code   RO        17954    i.rt_timer_stop     timer.o
    0x08008d00   0x08008d00   0x0000027c   Code   RO        17247    i.rt_vsnprintf      kservice.o
    0x08008f7c   0x08008f7c   0x0000000c   Code   RO        17248    i.rt_vsprintf       kservice.o
    0x08008f88   0x08008f88   0x00000004   Code   RO        16700    i.rti_board_end     components.o
    0x08008f8c   0x08008f8c   0x00000004   Code   RO        16701    i.rti_board_start   components.o
    0x08008f90   0x08008f90   0x00000004   Code   RO        16702    i.rti_end           components.o
    0x08008f94   0x08008f94   0x00000004   Code   RO        16703    i.rti_start         components.o
    0x08008f98   0x08008f98   0x0000002a   Code   RO        16704    i.rtthread_startup  components.o
    0x08008fc2   0x08008fc2   0x00000002   PAD
    0x08008fc4   0x08008fc4   0x00000060   Code   RO        19990    i.set_date          rtc.o
    0x08009024   0x08009024   0x00000084   Code   RO        20281    i.set_rtc_time_stamp  drv_rtc.o
    0x080090a8   0x080090a8   0x00000058   Code   RO        19991    i.set_time          rtc.o
    0x08009100   0x08009100   0x0000002c   Code   RO        18485    i.shell_handle_history  shell.o
    0x0800912c   0x0800912c   0x000000a6   Code   RO        18486    i.shell_push_history  shell.o
    0x080091d2   0x080091d2   0x00000002   PAD
    0x080091d4   0x080091d4   0x00000030   Code   RO        18250    i.show_wait_queue   cmd.o
    0x08009204   0x08009204   0x00000028   Code   RO        17249    i.skip_atoi         kservice.o
    0x0800922c   0x0800922c   0x000000bc   Code   RO        20353    i.stm32_configure   drv_usart.o
    0x080092e8   0x080092e8   0x000000ac   Code   RO        20354    i.stm32_control     drv_usart.o
    0x08009394   0x08009394   0x00000070   Code   RO        20355    i.stm32_dma_transmit  drv_usart.o
    0x08009404   0x08009404   0x00000040   Code   RO        20356    i.stm32_getc        drv_usart.o
    0x08009444   0x08009444   0x00000090   Code   RO        20172    i.stm32_pin_attach_irq  drv_gpio.o
    0x080094d4   0x080094d4   0x00000060   Code   RO        20173    i.stm32_pin_dettach_irq  drv_gpio.o
    0x08009534   0x08009534   0x0000004e   Code   RO        20174    i.stm32_pin_get     drv_gpio.o
    0x08009582   0x08009582   0x00000002   PAD
    0x08009584   0x08009584   0x00000144   Code   RO        20175    i.stm32_pin_irq_enable  drv_gpio.o
    0x080096c8   0x080096c8   0x00000064   Code   RO        20176    i.stm32_pin_mode    drv_gpio.o
    0x0800972c   0x0800972c   0x00000024   Code   RO        20177    i.stm32_pin_read    drv_gpio.o
    0x08009750   0x08009750   0x0000002c   Code   RO        20178    i.stm32_pin_write   drv_gpio.o
    0x0800977c   0x0800977c   0x00000048   Code   RO        20357    i.stm32_putc        drv_usart.o
    0x080097c4   0x080097c4   0x00000044   Code   RO        20538    i.time              time.o
    0x08009808   0x08009808   0x000000bc   Code   RO        20358    i.uart_isr          drv_usart.o
    0x080098c4   0x080098c4   0x000000d0   Code   RO        18176    i.usage_fault_track  cpuport.o
    0x08009994   0x08009994   0x0000000a   Code   RO        18251    i.version           cmd.o
    0x0800999e   0x0800999e   0x00000010   Data   RO          452    .constdata          system_stm32h7xx.o
    0x080099ae   0x080099ae   0x00000018   Data   RO        13340    .constdata          stm32h7xx_hal_uart.o
    0x080099c6   0x080099c6   0x00000014   Data   RO        16705    .constdata          components.o
    0x080099da   0x080099da   0x000000c9   Data   RO        16784    .constdata          device.o
    0x08009aa3   0x08009aa3   0x00000016   Data   RO        16869    .constdata          idle.o
    0x08009ab9   0x08009ab9   0x000001fc   Data   RO        16957    .constdata          ipc.o
    0x08009cb5   0x08009cb5   0x00000022   Data   RO        17251    .constdata          kservice.o
    0x08009cd7   0x08009cd7   0x0000003c   Data   RO        17426    .constdata          mem.o
    0x08009d13   0x08009d13   0x00000080   Data   RO        17590    .constdata          object.o
    0x08009d93   0x08009d93   0x0000004e   Data   RO        17703    .constdata          scheduler.o
    0x08009de1   0x08009de1   0x000000cf   Data   RO        17814    .constdata          thread.o
    0x08009eb0   0x08009eb0   0x0000005c   Data   RO        17955    .constdata          timer.o
    0x08009f0c   0x08009f0c   0x00000058   Data   RO        18252    .constdata          cmd.o
    0x08009f64   0x08009f64   0x0000000e   Data   RO        18412    .constdata          msh.o
    0x08009f72   0x08009f72   0x00000087   Data   RO        18488    .constdata          shell.o
    0x08009ff9   0x08009ff9   0x000000c4   Data   RO        19377    .constdata          serial.o
    0x0800a0bd   0x0800a0bd   0x00000088   Data   RO        19446    .constdata          pin.o
    0x0800a145   0x0800a145   0x00000039   Data   RO        19519    .constdata          completion.o
    0x0800a17e   0x0800a17e   0x00000002   PAD
    0x0800a180   0x0800a180   0x0000005c   Data   RO        20179    .constdata          drv_gpio.o
    0x0800a1dc   0x0800a1dc   0x00000022   Data   RO        20283    .constdata          drv_rtc.o
    0x0800a1fe   0x0800a1fe   0x00000002   PAD
    0x0800a200   0x0800a200   0x0000007d   Data   RO        20360    .constdata          drv_usart.o
    0x0800a27d   0x0800a27d   0x00000001   PAD
    0x0800a27e   0x0800a27e   0x00000075   Data   RO        20540    .constdata          time.o
    0x0800a2f3   0x0800a2f3   0x00000081   Data   RO        20694    .constdata          mc_w.l(ctype_o.o)
    0x0800a374   0x0800a374   0x00000004   Data   RO        20695    .constdata          mc_w.l(ctype_o.o)
    0x0800a378   0x0800a378   0x00000045   Data   RO        16958    .conststring        ipc.o
    0x0800a3bd   0x0800a3bd   0x00000003   PAD
    0x0800a3c0   0x0800a3c0   0x000000eb   Data   RO        17427    .conststring        mem.o
    0x0800a4ab   0x0800a4ab   0x00000001   PAD
    0x0800a4ac   0x0800a4ac   0x00000042   Data   RO        17815    .conststring        thread.o
    0x0800a4ee   0x0800a4ee   0x00000002   PAD
    0x0800a4f0   0x0800a4f0   0x0000017d   Data   RO        18253    .conststring        cmd.o
    0x0800a66d   0x0800a66d   0x00000003   PAD
    0x0800a670   0x0800a670   0x00000063   Data   RO        19378    .conststring        serial.o
    0x0800a6d3   0x0800a6d3   0x00000001   PAD
    0x0800a6d4   0x0800a6d4   0x00000041   Data   RO        20284    .conststring        drv_rtc.o
    0x0800a715   0x0800a715   0x00000003   PAD
    0x0800a718   0x0800a718   0x0000000e   Data   RO        20361    .conststring        drv_usart.o
    0x0800a726   0x0800a726   0x00000009   Data   RO        17429    .rodata.name        mem.o
    0x0800a72f   0x0800a72f   0x0000001e   Data   RO        17430    .rodata.name        mem.o
    0x0800a74d   0x0800a74d   0x00000006   Data   RO        18254    .rodata.name        cmd.o
    0x0800a753   0x0800a753   0x00000010   Data   RO        18255    .rodata.name        cmd.o
    0x0800a763   0x0800a763   0x0000000c   Data   RO        18256    .rodata.name        cmd.o
    0x0800a76f   0x0800a76f   0x00000010   Data   RO        18257    .rodata.name        cmd.o
    0x0800a77f   0x0800a77f   0x00000006   Data   RO        18258    .rodata.name        cmd.o
    0x0800a785   0x0800a785   0x0000001a   Data   RO        18259    .rodata.name        cmd.o
    0x0800a79f   0x0800a79f   0x0000000c   Data   RO        18260    .rodata.name        cmd.o
    0x0800a7ab   0x0800a7ab   0x0000001a   Data   RO        18261    .rodata.name        cmd.o
    0x0800a7c5   0x0800a7c5   0x00000008   Data   RO        18262    .rodata.name        cmd.o
    0x0800a7cd   0x0800a7cd   0x00000023   Data   RO        18263    .rodata.name        cmd.o
    0x0800a7f0   0x0800a7f0   0x0000000e   Data   RO        18264    .rodata.name        cmd.o
    0x0800a7fe   0x0800a7fe   0x00000023   Data   RO        18265    .rodata.name        cmd.o
    0x0800a821   0x0800a821   0x0000000c   Data   RO        18266    .rodata.name        cmd.o
    0x0800a82d   0x0800a82d   0x0000000c   Data   RO        18267    .rodata.name        cmd.o
    0x0800a839   0x0800a839   0x00000012   Data   RO        18268    .rodata.name        cmd.o
    0x0800a84b   0x0800a84b   0x0000000c   Data   RO        18269    .rodata.name        cmd.o
    0x0800a857   0x0800a857   0x00000009   Data   RO        18270    .rodata.name        cmd.o
    0x0800a860   0x0800a860   0x00000019   Data   RO        18271    .rodata.name        cmd.o
    0x0800a879   0x0800a879   0x0000000f   Data   RO        18272    .rodata.name        cmd.o
    0x0800a888   0x0800a888   0x00000019   Data   RO        18273    .rodata.name        cmd.o
    0x0800a8a1   0x0800a8a1   0x0000000b   Data   RO        18274    .rodata.name        cmd.o
    0x0800a8ac   0x0800a8ac   0x00000015   Data   RO        18275    .rodata.name        cmd.o
    0x0800a8c1   0x0800a8c1   0x00000011   Data   RO        18276    .rodata.name        cmd.o
    0x0800a8d2   0x0800a8d2   0x00000015   Data   RO        18277    .rodata.name        cmd.o
    0x0800a8e7   0x0800a8e7   0x0000000b   Data   RO        18278    .rodata.name        cmd.o
    0x0800a8f2   0x0800a8f2   0x00000015   Data   RO        18279    .rodata.name        cmd.o
    0x0800a907   0x0800a907   0x00000011   Data   RO        18280    .rodata.name        cmd.o
    0x0800a918   0x0800a918   0x00000015   Data   RO        18281    .rodata.name        cmd.o
    0x0800a92d   0x0800a92d   0x0000000d   Data   RO        18282    .rodata.name        cmd.o
    0x0800a93a   0x0800a93a   0x00000018   Data   RO        18283    .rodata.name        cmd.o
    0x0800a952   0x0800a952   0x00000013   Data   RO        18284    .rodata.name        cmd.o
    0x0800a965   0x0800a965   0x00000018   Data   RO        18285    .rodata.name        cmd.o
    0x0800a97d   0x0800a97d   0x0000000e   Data   RO        18286    .rodata.name        cmd.o
    0x0800a98b   0x0800a98b   0x0000001d   Data   RO        18287    .rodata.name        cmd.o
    0x0800a9a8   0x0800a9a8   0x00000014   Data   RO        18288    .rodata.name        cmd.o
    0x0800a9bc   0x0800a9bc   0x0000001d   Data   RO        18289    .rodata.name        cmd.o
    0x0800a9d9   0x0800a9d9   0x0000000d   Data   RO        18290    .rodata.name        cmd.o
    0x0800a9e6   0x0800a9e6   0x0000001b   Data   RO        18291    .rodata.name        cmd.o
    0x0800aa01   0x0800aa01   0x00000013   Data   RO        18292    .rodata.name        cmd.o
    0x0800aa14   0x0800aa14   0x0000001b   Data   RO        18293    .rodata.name        cmd.o
    0x0800aa2f   0x0800aa2f   0x0000000b   Data   RO        18294    .rodata.name        cmd.o
    0x0800aa3a   0x0800aa3a   0x00000015   Data   RO        18295    .rodata.name        cmd.o
    0x0800aa4f   0x0800aa4f   0x00000011   Data   RO        18296    .rodata.name        cmd.o
    0x0800aa60   0x0800aa60   0x00000015   Data   RO        18297    .rodata.name        cmd.o
    0x0800aa75   0x0800aa75   0x0000000c   Data   RO        18298    .rodata.name        cmd.o
    0x0800aa81   0x0800aa81   0x00000016   Data   RO        18299    .rodata.name        cmd.o
    0x0800aa97   0x0800aa97   0x00000012   Data   RO        18300    .rodata.name        cmd.o
    0x0800aaa9   0x0800aaa9   0x00000016   Data   RO        18301    .rodata.name        cmd.o
    0x0800aabf   0x0800aabf   0x00000005   Data   RO        18302    .rodata.name        cmd.o
    0x0800aac4   0x0800aac4   0x0000001a   Data   RO        18303    .rodata.name        cmd.o
    0x0800aade   0x0800aade   0x0000000b   Data   RO        18413    .rodata.name        msh.o
    0x0800aae9   0x0800aae9   0x00000016   Data   RO        18414    .rodata.name        msh.o
    0x0800aaff   0x0800aaff   0x00000009   Data   RO        18415    .rodata.name        msh.o
    0x0800ab08   0x0800ab08   0x0000001c   Data   RO        18416    .rodata.name        msh.o
    0x0800ab24   0x0800ab24   0x0000000b   Data   RO        18417    .rodata.name        msh.o
    0x0800ab2f   0x0800ab2f   0x00000025   Data   RO        18418    .rodata.name        msh.o
    0x0800ab54   0x0800ab54   0x00000008   Data   RO        19447    .rodata.name        pin.o
    0x0800ab5c   0x0800ab5c   0x00000016   Data   RO        19448    .rodata.name        pin.o
    0x0800ab72   0x0800ab72   0x00000009   Data   RO        19449    .rodata.name        pin.o
    0x0800ab7b   0x0800ab7b   0x0000001c   Data   RO        19450    .rodata.name        pin.o
    0x0800ab97   0x0800ab97   0x00000008   Data   RO        19451    .rodata.name        pin.o
    0x0800ab9f   0x0800ab9f   0x0000001e   Data   RO        19452    .rodata.name        pin.o
    0x0800abbd   0x0800abbd   0x00000007   Data   RO        19453    .rodata.name        pin.o
    0x0800abc4   0x0800abc4   0x00000021   Data   RO        19454    .rodata.name        pin.o
    0x0800abe5   0x0800abe5   0x0000000a   Data   RO        19992    .rodata.name        rtc.o
    0x0800abef   0x0800abef   0x00000014   Data   RO        19993    .rodata.name        rtc.o
    0x0800ac03   0x0800ac03   0x00000009   Data   RO        19994    .rodata.name        rtc.o
    0x0800ac0c   0x0800ac0c   0x00000023   Data   RO        19995    .rodata.name        rtc.o
    0x0800ac2f   0x0800ac2f   0x00000009   Data   RO        19996    .rodata.name        rtc.o
    0x0800ac38   0x0800ac38   0x00000022   Data   RO        19997    .rodata.name        rtc.o
    0x0800ac5a   0x0800ac5a   0x0000000b   Data   RO        19998    .rodata.name        rtc.o
    0x0800ac65   0x0800ac65   0x00000037   Data   RO        19999    .rodata.name        rtc.o
    0x0800ac9c   0x0800ac9c   0x0000000d   Data   RO        20060    .rodata.name        drv_common.o
    0x0800aca9   0x0800aca9   0x0000000e   Data   RO        20061    .rodata.name        drv_common.o
    0x0800acb7   0x0800acb7   0x00000001   PAD
    0x0800acb8   0x0800acb8   0x00000004   Data   RO        16706    .rti_fn.0           components.o
    0x0800acbc   0x0800acbc   0x00000004   Data   RO        16707    .rti_fn.0.end       components.o
    0x0800acc0   0x0800acc0   0x00000004   Data   RO        16708    .rti_fn.1.end       components.o
    0x0800acc4   0x0800acc4   0x00000004   Data   RO        20285    .rti_fn.3           drv_rtc.o
    0x0800acc8   0x0800acc8   0x00000004   Data   RO        18490    .rti_fn.6           shell.o
    0x0800accc   0x0800accc   0x00000004   Data   RO        16709    .rti_fn.6.end       components.o
    0x0800acd0   0x0800acd0   0x0000000c   Data   RO        17431    FSymTab             mem.o
    0x0800acdc   0x0800acdc   0x0000012c   Data   RO        18304    FSymTab             cmd.o
    0x0800ae08   0x0800ae08   0x00000024   Data   RO        18419    FSymTab             msh.o
    0x0800ae2c   0x0800ae2c   0x00000030   Data   RO        19455    FSymTab             pin.o
    0x0800ae5c   0x0800ae5c   0x00000030   Data   RO        20000    FSymTab             rtc.o
    0x0800ae8c   0x0800ae8c   0x0000000c   Data   RO        20062    FSymTab             drv_common.o
    0x0800ae98   0x0800ae98   0x00000020   Data   RO        20725    Region$$Table       anon$$obj.o


    Execution Region DTCM (Exec base: 0x20000000, Load base: 0x0800aeb8, Size: 0x00000000, Max: 0x00020000, ABSOLUTE)

    **** No section assigned to this execution region ****


    Execution Region AXI_SRAM (Exec base: 0x24000000, Load base: 0x0800aeb8, Size: 0x00000cf0, Max: 0x00080000, ABSOLUTE, COMPRESSED[0x00000078])

    Exec Addr    Load Addr    Size         Type   Attr      Idx    E Section Name        Object

    0x24000000   COMPRESSED   0x00000008   Data   RW          453    .data               system_stm32h7xx.o
    0x24000008   COMPRESSED   0x0000000c   Data   RW          834    .data               stm32h7xx_hal.o
    0x24000014   COMPRESSED   0x00000004   Data   RW        16662    .data               clock.o
    0x24000018   COMPRESSED   0x0000000c   Data   RW        17185    .data               irq.o
    0x24000024   COMPRESSED   0x0000000c   Data   RW        17252    .data               kservice.o
    0x24000030   COMPRESSED   0x00000020   Data   RW        17428    .data               mem.o
    0x24000050   COMPRESSED   0x000000a4   Data   RW        17591    .data               object.o
    0x240000f4   COMPRESSED   0x00000018   Data   RW        17704    .data               scheduler.o
    0x2400010c   COMPRESSED   0x0000000c   Data   RW        17816    .data               thread.o
    0x24000118   COMPRESSED   0x00000014   Data   RW        17956    .data               timer.o
    0x2400012c   COMPRESSED   0x00000004   Data   RW        18178    .data               cpuport.o
    0x24000130   COMPRESSED   0x00000004   Data   RW        18179    .data               cpuport.o
    0x24000134   COMPRESSED   0x00000004   Data   RW        18180    .data               cpuport.o
    0x24000138   COMPRESSED   0x00000004   Data   RW        18181    .data               cpuport.o
    0x2400013c   COMPRESSED   0x00000018   Data   RW        18489    .data               shell.o
    0x24000154   COMPRESSED   0x00000004   Data   RW        19379    .data               serial.o
    0x24000158   COMPRESSED   0x000000c4   Data   RW        20180    .data               drv_gpio.o
    0x2400021c   COMPRESSED   0x00000028   Data   RW        20362    .data               drv_usart.o
    0x24000244   COMPRESSED   0x00000004   Data   RW        20541    .data               time.o
    0x24000248   COMPRESSED   0x00000004   Data   RW        20685    .data               mc_w.l(errno.o)
    0x2400024c        -       0x00000190   Zero   RW        16868    .bss                idle.o
    0x240003dc        -       0x00000080   Zero   RW        17250    .bss                kservice.o
    0x2400045c        -       0x00000020   Zero   RW        17425    .bss                mem.o
    0x2400047c        -       0x00000100   Zero   RW        17702    .bss                scheduler.o
    0x2400057c        -       0x00000081   Zero   RW        18487    .bss                shell.o
    0x240005fd   COMPRESSED   0x00000003   PAD
    0x24000600        -       0x00000044   Zero   RW        19445    .bss                pin.o
    0x24000644        -       0x00000064   Zero   RW        20282    .bss                drv_rtc.o
    0x240006a8        -       0x000001d0   Zero   RW        20359    .bss                drv_usart.o
    0x24000878        -       0x00000071   Zero   RW        20539    .bss                time.o
    0x240008e9   COMPRESSED   0x00000007   PAD
    0x240008f0        -       0x00000400   Zero   RW          639    STACK               startup_stm32h743xx.o


    Execution Region AHB_SRAM1 (Exec base: 0x30020000, Load base: 0x0800af30, Size: 0x00000000, Max: 0x00010000, ABSOLUTE)

    **** No section assigned to this execution region ****


    Execution Region AHB_SRAM2 (Exec base: 0x30040000, Load base: 0x0800af30, Size: 0x00000000, Max: 0x00010000, ABSOLUTE)

    **** No section assigned to this execution region ****


    Execution Region AHB_SRAM3 (Exec base: 0x38000000, Load base: 0x0800af30, Size: 0x00000000, Max: 0x00008000, ABSOLUTE)

    **** No section assigned to this execution region ****


==============================================================================

Image component sizes


      Code (inc. data)   RO Data    RW Data    ZI Data      Debug   Object Name

       120         12          0          4          0       1932   clock.o
      3202       1244       1682          0          0      24037   cmd.o
       476        178         57          0          0       3215   completion.o
       218         48         36          0          0       6100   components.o
       308         28          0          0          0        844   context_rvds.o
      1400        740          0         16          0       7632   cpuport.o
      1294        588        201          0          0       9240   device.o
       280         30         39          0          0      47350   drv_common.o
      1300         66         92        196          0      13897   drv_gpio.o
       692        154        103          0        100       5296   drv_rtc.o
      1304        272        139         40        464      44858   drv_usart.o
       320         78         22          0        400       5946   idle.o
       746        202        577          0          0      34516   ipc.o
        96         14          0         12          0       2330   irq.o
      1666        234         34         12        128      15719   kservice.o
        42          0          0          0          0       5467   main.o
      1598        682        346         32         32       7112   mem.o
       828        178        168          0          0       8012   msh.o
       812        282        128        164          0      10910   object.o
       584        232        329          0         68       9555   pin.o
       712        322        231          0          0       5109   rtc.o
       844        220         78         24        256      10058   scheduler.o
      1740        382        295          4          0      11087   serial.o
      1770        288        139         24        129      15442   shell.o
        36          8        664          0       1024        824   startup_stm32h743xx.o
       120         26          0         12          0      21303   stm32h7xx_hal.o
       256         12          0          0          0      40083   stm32h7xx_hal_cortex.o
      1212         68          0          0          0       3859   stm32h7xx_hal_dma.o
       972         94          0          0          0       4688   stm32h7xx_hal_gpio.o
        28          6          0          0          0    1222105   stm32h7xx_hal_msp.o
        16          4          0          0          0        523   stm32h7xx_hal_pwr.o
        84          6          0          0          0        765   stm32h7xx_hal_pwr_ex.o
      2344        108          0          0          0       6844   stm32h7xx_hal_rcc.o
      3562        132          0          0          0       8279   stm32h7xx_hal_rcc_ex.o
       924         30          0          0          0       8521   stm32h7xx_hal_rtc.o
        20          0          0          0          0       1711   stm32h7xx_hal_rtc_ex.o
      1938        126         24          0          0      30289   stm32h7xx_hal_uart.o
        10          0          0          0          0      15037   stm32h7xx_it.o
       204         16          0          0          0       1021   sys_conf.o
       228         40         16          8          0    1037903   system_stm32h7xx.o
      1370        422        273         12          0      16261   thread.o
       830         38        117          4        113       8892   time.o
      1232        468         92         20          0      21631   timer.o

    ----------------------------------------------------------------------
     37780       8078       5933        584       2724    2756203   Object Totals
         0          0         32          0          0          0   (incl. Generated)
        42          0         19          0         10          0   (incl. Padding)

    ----------------------------------------------------------------------

      Code (inc. data)   RO Data    RW Data    ZI Data      Debug   Library Member Name

        86          0          0          0          0          0   __dczerorl2.o
        28          0          0          0          0         68   _chval.o
       158          0          0          0          0         92   _strtoul.o
        26          0          0          0          0         80   atoi.o
         8          4        133          0          0         68   ctype_o.o
         0          0          0          0          0          0   entry.o
         0          0          0          0          0          0   entry10a.o
         0          0          0          0          0          0   entry11a.o
         8          4          0          0          0          0   entry2.o
         4          0          0          0          0          0   entry5.o
         0          0          0          0          0          0   entry7b.o
         0          0          0          0          0          0   entry8b.o
         8          4          0          0          0          0   entry9a.o
         8          4          0          4          0         68   errno.o
        30          0          0          0          0          0   handlers.o
        36          8          0          0          0         68   init.o
        30          0          0          0          0         68   llshl.o
        32          0          0          0          0         68   llushr.o
        26          0          0          0          0         80   memcmp.o
        36          0          0          0          0         68   memcpya.o
        36          0          0          0          0        108   memseta.o
        24          0          0          0          0         68   strcat.o
        18          0          0          0          0         68   strcpy.o
        14          0          0          0          0         68   strlen.o
        30          0          0          0          0         80   strncmp.o
        24          0          0          0          0         76   strncpy.o
       112          0          0          0          0         88   strtol.o
        98          0          0          0          0         92   uldiv.o

    ----------------------------------------------------------------------
       882         24        133          4          0       1376   Library Totals
         2          0          0          0          0          0   (incl. Padding)

    ----------------------------------------------------------------------

      Code (inc. data)   RO Data    RW Data    ZI Data      Debug   Library Name

       880         24        133          4          0       1376   mc_w.l

    ----------------------------------------------------------------------
       882         24        133          4          0       1376   Library Totals

    ----------------------------------------------------------------------

==============================================================================


      Code (inc. data)   RO Data    RW Data    ZI Data      Debug   

     38662       8102       6066        588       2724    2729687   Grand Totals
     38662       8102       6066        120       2724    2729687   ELF Image Totals (compressed)
     38662       8102       6066        120          0          0   ROM Totals

==============================================================================

    Total RO  Size (Code + RO Data)                44728 (  43.68kB)
    Total RW  Size (RW Data + ZI Data)              3312 (   3.23kB)
    Total ROM Size (Code + RO Data + RW Data)      44848 (  43.80kB)

==============================================================================

