<html>
<body>
<pre>
<h1>µVision Build Log</h1>
<h2>Tool Versions:</h2>
IDE-Version: ¦ÌVision V5.31.0.0
Copyright (C) 2020 ARM Ltd and ARM Germany GmbH. All rights reserved.
License Information: 1 1, 1, LIC=PE7DL-0T7BV-NNPAF-66DUZ-Y2SW4-HILSR
 
Tool Versions:
Toolchain:       MDK-ARM Plus  Version: 5.31.0.0
Toolchain Path:  F:\SoftWare\Keil_v5\ARM\ARMCLANG\Bin
C Compiler:      ArmClang.exe V6.14
Assembler:       Armasm.exe V6.14
Linker/Locator:  ArmLink.exe V6.14
Library Manager: ArmAr.exe V6.14
Hex Converter:   FromElf.exe V6.14
CPU DLL:         SARMCM3.DLL V5.31.0.0
Dialog DLL:      DCM.DLL V1.17.3.0
Target DLL:      STLink\ST-LINKIII-KEIL_SWO.dll V3.0.7.0
Dialog DLL:      TCM.DLL V1.46.0.0
 
<h2>Project:</h2>
F:\work\Embed\project\stm32\STM32H7\stm32h743vih6.uvprojx
Project File Date:  01/08/2021

<h2>Output:</h2>
*** Using Compiler 'V6.14', folder: 'F:\SoftWare\Keil_v5\ARM\ARMCLANG\Bin'
Build target 'stm32h743vih6'
compiling stm32h7xx_it.c...
compiling main.c...
compiling w25qxx_driver_for_rtt.c...
compiling clock.c...
compiling sdmmc_driver_for_rtt.c...
compiling components.c...
compiling cpu.c...
compiling device.c...
compiling idle.c...
compiling irq.c...
compiling kservice.c...
compiling mem.c...
compiling ipc.c...
compiling memheap.c...
compiling mempool.c...
compiling object.c...
compiling scheduler.c...
compiling signal.c...
compiling slab.c...
compiling thread.c...
compiling backtrace.c...
compiling timer.c...
compiling showmem.c...
compiling cpuport.c...
compiling cpu_cache.c...
compiling cmd.c...
compiling msh.c...
compiling shell.c...
compiling finsh_compiler.c...
compiling finsh_error.c...
compiling finsh_heap.c...
compiling finsh_init.c...
compiling finsh_node.c...
compiling finsh_ops.c...
compiling finsh_token.c...
compiling finsh_parser.c...
compiling finsh_var.c...
compiling finsh_vm.c...
compiling msh_file.c...
compiling symbol.c...
compiling serial.c...
compiling pin.c...
compiling completion.c...
compiling dataqueue.c...
compiling pipe.c...
compiling ringblk_buf.c...
compiling ringbuffer.c...
compiling waitqueue.c...
compiling workqueue.c...
compiling rtc.c...
compiling spi_core.c...
compiling spi_dev.c...
compiling qspi_core.c...
compiling spi_flash_sfud.c...
compiling block_dev.c...
compiling sd.c...
compiling sdio.c...
compiling mmcsd_core.c...
compiling mmc.c...
compiling drv_flash_h7.c...
compiling drv_common.c...
compiling drv_gpio.c...
compiling drv_rtc.c...
compiling drv_spi.c...
compiling hwcrypto.c...
compiling drv_usart.c...
compiling drv_qspi.c...
compiling drv_sdio.c...
compiling drv_sdram.c...
compiling time.c...
compiling sfud_sfdp.c...
compiling sfud.c...
compiling dfs.c...
compiling dfs_file.c...
compiling dfs_fs.c...
compiling dfs_posix.c...
compiling poll.c...
thirdParty/rt-thread-all/components/dfs/src/select.c(15): warning: In file included from...
./thirdParty/rt-thread-all/components/dfs/include\dfs_select.h(19): warning: declaration of 'struct timeval' will not be visible outside of this function [-Wvisibility]
int select(int nfds, fd_set *readfds, fd_set *writefds, fd_set *exceptfds, struct timeval *timeout);
                                                                                  ^
1 warning generated.
compiling select.c...
compiling devfs.c...
compiling unicode.c...
compiling dfs_elm.c...
compiling syscall.c...
compiling ccfile.c...
compiling ff.c...
compiling board.c...
compiling cmd_user.c...
linking...
Program Size: Code=102594 RO-data=13438 RW-data=692 ZI-data=9884  
FromELF: creating hex file...
".\project\obj\stm32h743vih6.axf" - 0 Error(s), 1 Warning(s).

<h2>Software Packages used:</h2>

Package Vendor: Keil
                https://www.keil.com/pack/Keil.STM32H7xx_DFP.2.7.0.pack
                Keil.STM32H7xx_DFP.2.7.0
                STMicroelectronics STM32H7 Series Device Support and Examples

<h2>Collection of Component include folders:</h2>
  F:\SoftWare\Keil_v5\Arm\Packs\Keil\STM32H7xx_DFP\2.7.0\Drivers\CMSIS\Device\ST\STM32H7xx\Include

<h2>Collection of Component Files used:</h2>
Build Time Elapsed:  00:00:18
</pre>
</body>
</html>
