<html>
<body>
<pre>
<h1>µVision Build Log</h1>
<h2>Tool Versions:</h2>
IDE-Version: ¦ÌVision V5.31.0.0
Copyright (C) 2020 ARM Ltd and ARM Germany GmbH. All rights reserved.
License Information: 1 1, 1, LIC=PE7DL-0T7BV-NNPAF-66DUZ-Y2SW4-HILSR
 
Tool Versions:
Toolchain:       MDK-ARM Plus  Version: 5.31.0.0
Toolchain Path:  F:\SoftWare\Keil_v5\ARM\ARMCC\Bin
C Compiler:      Armcc.exe V5.06 update 6 (build 750)
Assembler:       Armasm.exe V5.06 update 6 (build 750)
Linker/Locator:  ArmLink.exe V5.06 update 6 (build 750)
Library Manager: ArmAr.exe V5.06 update 6 (build 750)
Hex Converter:   FromElf.exe V5.06 update 6 (build 750)
CPU DLL:         SARMCM3.DLL V5.31.0.0
Dialog DLL:      DCM.DLL V1.17.3.0
Target DLL:      STLink\ST-LINKIII-KEIL_SWO.dll V3.0.7.0
Dialog DLL:      TCM.DLL V1.46.0.0
 
<h2>Project:</h2>
F:\work\Embed\project\stm32\STM32H7\stm32h743vih6.uvprojx
Project File Date:  01/07/2021

<h2>Output:</h2>
*** Using Compiler 'V5.06 update 6 (build 750)', folder: 'F:\SoftWare\Keil_v5\ARM\ARMCC\Bin'
Build target 'stm32h743vih6'
compiling clock.c...
compiling stm32h7xx_it.c...
compiling cpu.c...
compiling components.c...
compiling idle.c...
compiling device.c...
compiling main.c...
main\main.c(9): warning:  #177-D: function "periphal_init"  was declared but never referenced
  static void periphal_init(void)
main\main.c: 1 warning, 0 errors
compiling irq.c...
compiling kservice.c...
compiling mem.c...
compiling ipc.c...
compiling memheap.c...
compiling mempool.c...
compiling object.c...
compiling scheduler.c...
compiling signal.c...
compiling slab.c...
compiling backtrace.c...
compiling thread.c...
compiling timer.c...
compiling showmem.c...
compiling cpuport.c...
compiling cmd.c...
compiling msh.c...
compiling cpu_cache.c...
compiling finsh_error.c...
compiling shell.c...
compiling finsh_init.c...
compiling finsh_heap.c...
compiling finsh_compiler.c...
compiling finsh_node.c...
compiling finsh_ops.c...
compiling finsh_parser.c...
compiling finsh_var.c...
compiling finsh_token.c...
compiling finsh_vm.c...
compiling msh_file.c...
compiling symbol.c...
compiling serial.c...
compiling completion.c...
compiling pin.c...
compiling dataqueue.c...
compiling pipe.c...
compiling ringblk_buf.c...
compiling waitqueue.c...
compiling ringbuffer.c...
compiling workqueue.c...
compiling rtc.c...
compiling spi_core.c...
compiling spi_dev.c...
compiling qspi_core.c...
compiling spi_flash_sfud.c...
compiling drv_flash_h7.c...
compiling drv_common.c...
compiling drv_gpio.c...
compiling drv_rtc.c...
compiling drv_spi.c...
compiling hwcrypto.c...
compiling drv_usart.c...
compiling time.c...
compiling sfud.c...
compiling sfud_sfdp.c...
compiling drv_qspi.c...
compiling board.c...
thirdParty\rt-thread-all\user\board.c(17): warning:  #177-D: function "ota_app_vtor_reconfig"  was declared but never referenced
  static int ota_app_vtor_reconfig(void)
thirdParty\rt-thread-all\user\board.c: 1 warning, 0 errors
linking...
Program Size: Code=49772 RO-data=8536 RW-data=600 ZI-data=3104  
FromELF: creating hex file...
".\project\obj\stm32h743vih6.axf" - 0 Error(s), 2 Warning(s).

<h2>Software Packages used:</h2>

Package Vendor: Keil
                https://www.keil.com/pack/Keil.STM32H7xx_DFP.2.7.0.pack
                Keil.STM32H7xx_DFP.2.7.0
                STMicroelectronics STM32H7 Series Device Support and Examples

<h2>Collection of Component include folders:</h2>
  F:\SoftWare\Keil_v5\Arm\Packs\Keil\STM32H7xx_DFP\2.7.0\Drivers\CMSIS\Device\ST\STM32H7xx\Include

<h2>Collection of Component Files used:</h2>
Build Time Elapsed:  00:00:10
</pre>
</body>
</html>
